###############################################################################
#                                                                             #
# IAR C/C++ Compiler V8.10.1.10194/W32 for 8051         06/Apr/2016  13:42:50 #
# Copyright 2004-2011 IAR Systems AB.                                         #
#                                                                             #
#    Core               =  plain                                              #
#    Code model         =  banked                                             #
#    Data model         =  large                                              #
#    Calling convention =  xdata reentrant                                    #
#    Constant location  =  data_rom                                           #
#    Dptr setup         =  1,16                                               #
#    Source file        =  E:\Projects\IGreen-Zigbee\zigbee\Projects\zstack\S #
#                          amples\SampleApp\Source\DHT11.C                    #
#    Command line       =  -f E:\Projects\IGreen-Zigbee\zigbee\Projects\zstac #
#                          k\Samples\SampleApp\CC2530DB\..\..\..\Tools\CC2530 #
#                          DB\f8wRouter.cfg (-DCPU32MHZ -DROOT=__near_func    #
#                          -DMAC_CFG_APP_PENDING_QUEUE=TRUE                   #
#                          -DMAC_CFG_TX_DATA_MAX=5 -DMAC_CFG_TX_MAX=8         #
#                          -DMAC_CFG_RX_MAX=5 -DRTR_NWK) -f                   #
#                          E:\Projects\IGreen-Zigbee\zigbee\Projects\zstack\S #
#                          amples\SampleApp\CC2530DB\..\..\..\Tools\CC2530DB\ #
#                          f8wConfig.cfg (-DZIGBEEPRO -DSECURE=0              #
#                          -DZG_SECURE_DYNAMIC=0 -DREFLECTOR                  #
#                          -DDEFAULT_CHANLIST=0x00000800                      #
#                          -DZDAPP_CONFIG_PAN_ID=0xFF00                       #
#                          -DNWK_START_DELAY=100 -DEXTENDED_JOINING_RANDOM_MA #
#                          SK=0x007F -DBEACON_REQUEST_DELAY=100               #
#                          -DBEACON_REQ_DELAY_MASK=0x00FF                     #
#                          -DLINK_STATUS_JITTER_MASK=0x007F                   #
#                          -DROUTE_EXPIRY_TIME=30 -DAPSC_ACK_WAIT_DURATION_PO #
#                          LLED=3000 -DNWK_INDIRECT_MSG_TIMEOUT=7             #
#                          -DMAX_RREQ_ENTRIES=8 -DAPSC_MAX_FRAME_RETRIES=3    #
#                          -DNWK_MAX_DATA_RETRIES=2                           #
#                          -DMAX_POLL_FAILURE_RETRIES=2 -DMAX_BCAST=9         #
#                          -DAPS_MAX_GROUPS=16 -DMAX_RTG_ENTRIES=40           #
#                          -DNWK_MAX_BINDING_ENTRIES=4                        #
#                          -DMAX_BINDING_CLUSTER_IDS=4 "-DDEFAULT_KEY={0x01,  #
#                          0x03, 0x05, 0x07, 0x09, 0x0B, 0x0D, 0x0F, 0x00,    #
#                          0x02, 0x04, 0x06, 0x08, 0x0A, 0x0C, 0x0D}"         #
#                          -DMAC_MAX_FRAME_SIZE=116                           #
#                          -DZDNWKMGR_MIN_TRANSMISSIONS=20 "-DCONST=const     #
#                          __code" -DGENERIC=__generic                        #
#                          -DRFD_RCVC_ALWAYS_ON=FALSE -DPOLL_RATE=1000        #
#                          -DQUEUED_POLL_RATE=100 -DRESPONSE_POLL_RATE=100)   #
#                          -DREJOIN_POLL_RATE=440 E:\Projects\IGreen-Zigbee\z #
#                          igbee\Projects\zstack\Samples\SampleApp\Source\DHT #
#                          11.C -D ZTOOL_P1 -D MT_TASK -D MT_SYS_FUNC -D      #
#                          MT_ZDO_FUNC -D LCD_SUPPORTED=DEBUG -lC             #
#                          E:\Projects\IGreen-Zigbee\zigbee\Projects\zstack\S #
#                          amples\SampleApp\CC2530DB\RouterEB\List\ -lA       #
#                          E:\Projects\IGreen-Zigbee\zigbee\Projects\zstack\S #
#                          amples\SampleApp\CC2530DB\RouterEB\List\           #
#                          --diag_suppress Pe001,Pa010 -o                     #
#                          E:\Projects\IGreen-Zigbee\zigbee\Projects\zstack\S #
#                          amples\SampleApp\CC2530DB\RouterEB\Obj\ -e         #
#                          --no_code_motion --debug --core=plain --dptr=16,1  #
#                          --data_model=large --code_model=banked             #
#                          --calling_convention=xdata_reentrant               #
#                          --place_constants=data_rom --nr_virtual_regs 16    #
#                          -I E:\Projects\IGreen-Zigbee\zigbee\Projects\zstac #
#                          k\Samples\SampleApp\CC2530DB\ -I                   #
#                          E:\Projects\IGreen-Zigbee\zigbee\Projects\zstack\S #
#                          amples\SampleApp\CC2530DB\..\Source\ -I            #
#                          E:\Projects\IGreen-Zigbee\zigbee\Projects\zstack\S #
#                          amples\SampleApp\CC2530DB\..\..\..\ZMain\TI2530DB\ #
#                           -I E:\Projects\IGreen-Zigbee\zigbee\Projects\zsta #
#                          ck\Samples\SampleApp\CC2530DB\..\..\..\..\..\Compo #
#                          nents\hal\include\ -I E:\Projects\IGreen-Zigbee\zi #
#                          gbee\Projects\zstack\Samples\SampleApp\CC2530DB\.. #
#                          \..\..\..\..\Components\hal\target\CC2530EB\ -I    #
#                          E:\Projects\IGreen-Zigbee\zigbee\Projects\zstack\S #
#                          amples\SampleApp\CC2530DB\..\..\..\..\..\Component #
#                          s\mac\include\ -I E:\Projects\IGreen-Zigbee\zigbee #
#                          \Projects\zstack\Samples\SampleApp\CC2530DB\..\..\ #
#                          ..\..\..\Components\mac\high_level\ -I             #
#                          E:\Projects\IGreen-Zigbee\zigbee\Projects\zstack\S #
#                          amples\SampleApp\CC2530DB\..\..\..\..\..\Component #
#                          s\mac\low_level\srf04\ -I                          #
#                          E:\Projects\IGreen-Zigbee\zigbee\Projects\zstack\S #
#                          amples\SampleApp\CC2530DB\..\..\..\..\..\Component #
#                          s\mac\low_level\srf04\single_chip\ -I              #
#                          E:\Projects\IGreen-Zigbee\zigbee\Projects\zstack\S #
#                          amples\SampleApp\CC2530DB\..\..\..\..\..\Component #
#                          s\mt\ -I E:\Projects\IGreen-Zigbee\zigbee\Projects #
#                          \zstack\Samples\SampleApp\CC2530DB\..\..\..\..\..\ #
#                          Components\osal\include\ -I                        #
#                          E:\Projects\IGreen-Zigbee\zigbee\Projects\zstack\S #
#                          amples\SampleApp\CC2530DB\..\..\..\..\..\Component #
#                          s\services\saddr\ -I E:\Projects\IGreen-Zigbee\zig #
#                          bee\Projects\zstack\Samples\SampleApp\CC2530DB\..\ #
#                          ..\..\..\..\Components\services\sdata\ -I          #
#                          E:\Projects\IGreen-Zigbee\zigbee\Projects\zstack\S #
#                          amples\SampleApp\CC2530DB\..\..\..\..\..\Component #
#                          s\stack\af\ -I E:\Projects\IGreen-Zigbee\zigbee\Pr #
#                          ojects\zstack\Samples\SampleApp\CC2530DB\..\..\..\ #
#                          ..\..\Components\stack\nwk\ -I                     #
#                          E:\Projects\IGreen-Zigbee\zigbee\Projects\zstack\S #
#                          amples\SampleApp\CC2530DB\..\..\..\..\..\Component #
#                          s\stack\sapi\ -I E:\Projects\IGreen-Zigbee\zigbee\ #
#                          Projects\zstack\Samples\SampleApp\CC2530DB\..\..\. #
#                          .\..\..\Components\stack\sec\ -I                   #
#                          E:\Projects\IGreen-Zigbee\zigbee\Projects\zstack\S #
#                          amples\SampleApp\CC2530DB\..\..\..\..\..\Component #
#                          s\stack\sys\ -I E:\Projects\IGreen-Zigbee\zigbee\P #
#                          rojects\zstack\Samples\SampleApp\CC2530DB\..\..\.. #
#                          \..\..\Components\stack\zdo\ -I                    #
#                          E:\Projects\IGreen-Zigbee\zigbee\Projects\zstack\S #
#                          amples\SampleApp\CC2530DB\..\..\..\..\..\Component #
#                          s\zmac\ -I E:\Projects\IGreen-Zigbee\zigbee\Projec #
#                          ts\zstack\Samples\SampleApp\CC2530DB\..\..\..\..\. #
#                          .\Components\zmac\f8w\ -Ohz --require_prototypes   #
#    List file          =  E:\Projects\IGreen-Zigbee\zigbee\Projects\zstack\S #
#                          amples\SampleApp\CC2530DB\RouterEB\List\DHT11.lst  #
#    Object file        =  E:\Projects\IGreen-Zigbee\zigbee\Projects\zstack\S #
#                          amples\SampleApp\CC2530DB\RouterEB\Obj\DHT11.r51   #
#                                                                             #
#                                                                             #
###############################################################################

E:\Projects\IGreen-Zigbee\zigbee\Projects\zstack\Samples\SampleApp\Source\DHT11.C
      1          #include <ioCC2530.h>

   \                                 In  segment SFR_AN, at 0x80
   \   union <unnamed> volatile __sfr _A_P0
   \                     _A_P0:
   \   000000                DS 1

   \                                 In  segment SFR_AN, at 0xfd
   \   unsigned char volatile __sfr P0DIR
   \                     P0DIR:
   \   000000                DS 1
      2          #include "OnBoard.h"
      3          
      4          /**
      5          *  @CopyRight(版权): 华韵科技有限公司 2016~2026
      6          *  @作者： 主要负责人：姜陈俊 辅助：王辰浩
      7          *  @文件名： DHT11.C
      8          *  @日期： 2016/4/6
      9          *  @描述： 温湿度传感器DHT11驱动代码
     10          *  @主要函数列表：
     11          *       1.
     12          *       2.
     13          *  @注意点：
     14          *       1. delay函数内部需要使用协议栈自带的延时函数
     15          *       2. 要包含“OnBoard.h”
     16          */
     17          
     18          #define uint unsigned int
     19          #define uchar unsigned char
     20          
     21          #define temp_humi P0_6
     22          
     23          /*******函数声明*********/
     24          void Delay_us(void); //1 us延时
     25          void Delay_10us(void); //10 us延时
     26          void Delay_ms(uint Time);//n ms延时
     27          void COM(void);	// 温湿写入
     28          void DHT11(void) ;  //温湿传感启动
     29          
     30          
     31          //温湿度定义

   \                                 In  segment XDATA_Z, align 1, keep-with-next
     32          uchar ucharFLAG,uchartemp;
   \                     ucharFLAG:
   \   000000                DS 1
   \   000001                REQUIRE __INIT_XDATA_Z

   \                                 In  segment XDATA_Z, align 1, keep-with-next
   \                     uchartemp:
   \   000000                DS 1
   \   000001                REQUIRE __INIT_XDATA_Z

   \                                 In  segment XDATA_Z, align 1, keep-with-next
     33          uchar humi_decade;  //湿度十位
   \                     humi_decade:
   \   000000                DS 1
   \   000001                REQUIRE __INIT_XDATA_Z

   \                                 In  segment XDATA_Z, align 1, keep-with-next
     34          uchar humi_unit;    //湿度个位
   \                     humi_unit:
   \   000000                DS 1
   \   000001                REQUIRE __INIT_XDATA_Z

   \                                 In  segment XDATA_Z, align 1, keep-with-next
     35          uchar temp_decade;  //温度十位
   \                     temp_decade:
   \   000000                DS 1
   \   000001                REQUIRE __INIT_XDATA_Z

   \                                 In  segment XDATA_I, align 1, keep-with-next
     36          uchar temp_unit = 4;//温度个位
   \                     temp_unit:
   \   000000                DS 1
   \   000001                REQUIRE `?<Initializer for temp_unit>`
   \   000001                REQUIRE __INIT_XDATA_I

   \                                 In  segment XDATA_Z, align 1, keep-with-next
     37          uchar ucharT_data_H,ucharT_data_L,ucharRH_data_H,ucharRH_data_L,ucharcheckdata;
   \                     ucharT_data_H:
   \   000000                DS 1
   \   000001                REQUIRE __INIT_XDATA_Z

   \                                 In  segment XDATA_Z, align 1, keep-with-next
   \                     ucharT_data_L:
   \   000000                DS 1
   \   000001                REQUIRE __INIT_XDATA_Z

   \                                 In  segment XDATA_Z, align 1, keep-with-next
   \                     ucharRH_data_H:
   \   000000                DS 1
   \   000001                REQUIRE __INIT_XDATA_Z

   \                                 In  segment XDATA_Z, align 1, keep-with-next
   \                     ucharRH_data_L:
   \   000000                DS 1
   \   000001                REQUIRE __INIT_XDATA_Z

   \                                 In  segment XDATA_Z, align 1, keep-with-next
   \                     ucharcheckdata:
   \   000000                DS 1
   \   000001                REQUIRE __INIT_XDATA_Z

   \                                 In  segment XDATA_Z, align 1, keep-with-next
     38          uchar ucharT_data_H_temp,ucharT_data_L_temp,ucharRH_data_H_temp,ucharRH_data_L_temp,ucharcheckdata_temp;
   \                     ucharT_data_H_temp:
   \   000000                DS 1
   \   000001                REQUIRE __INIT_XDATA_Z

   \                                 In  segment XDATA_Z, align 1, keep-with-next
   \                     ucharT_data_L_temp:
   \   000000                DS 1
   \   000001                REQUIRE __INIT_XDATA_Z

   \                                 In  segment XDATA_Z, align 1, keep-with-next
   \                     ucharRH_data_H_temp:
   \   000000                DS 1
   \   000001                REQUIRE __INIT_XDATA_Z

   \                                 In  segment XDATA_Z, align 1, keep-with-next
   \                     ucharRH_data_L_temp:
   \   000000                DS 1
   \   000001                REQUIRE __INIT_XDATA_Z

   \                                 In  segment XDATA_Z, align 1, keep-with-next
   \                     ucharcheckdata_temp:
   \   000000                DS 1
   \   000001                REQUIRE __INIT_XDATA_Z

   \                                 In  segment XDATA_Z, align 1, keep-with-next
     39          uchar ucharcomdata;
   \                     ucharcomdata:
   \   000000                DS 1
   \   000001                REQUIRE __INIT_XDATA_Z
     40          

   \                                 In  segment XDATA_Z, align 1, keep-with-next
     41          uchar temp[2]={0,0}; 
   \                     temp:
   \   000000                DS 2
   \   000002                REQUIRE __INIT_XDATA_Z

   \                                 In  segment XDATA_I, align 1, keep-with-next
     42          uchar temp1[5]="temp=";
   \                     temp1:
   \   000000                DS 5
   \   000005                REQUIRE `?<Initializer for temp1>`
   \   000005                REQUIRE __INIT_XDATA_I

   \                                 In  segment XDATA_Z, align 1, keep-with-next
     43          uchar humidity[2]={0,0};
   \                     humidity:
   \   000000                DS 2
   \   000002                REQUIRE __INIT_XDATA_Z

   \                                 In  segment XDATA_I, align 1, keep-with-next
     44          uchar humidity1[9]="humidity=";
   \                     humidity1:
   \   000000                DS 9
   \   000009                REQUIRE `?<Initializer for humidity1>`
   \   000009                REQUIRE __INIT_XDATA_I
     45          
     46          /****************************
     47                  延时函数
     48          *****************************/

   \                                 In  segment BANKED_CODE, align 1, keep-with-next
     49          void Delay_us() //1 us延时
   \                     Delay_us:
     50          {
   \   000000   C082         PUSH    DPL
   \   000002   C083         PUSH    DPH
   \   000004                ; Saved register size: 2
   \   000004                ; Auto size: 0
     51             MicroWait(1);   
   \   000004                ; Setup parameters for call to function Onboard_wait
   \   000004   7A01         MOV     R2,#0x1
   \   000006                REQUIRE ?Subroutine0
   \   000006                ; // Fall through to label ?Subroutine0
     52          }

   \                                 In  segment BANKED_CODE, align 1, keep-with-next
   \                     ?Subroutine0:
   \   000000   7B00         MOV     R3,#0x0
   \   000002   12....       LCALL   ??Onboard_wait?relay
   \   000005                REQUIRE ??Subroutine5_0
   \   000005                ; // Fall through to label ??Subroutine5_0

   \                                 In  segment BANKED_CODE, align 1, keep-with-next
   \                     ??Subroutine5_0:
   \   000000   D083         POP     DPH
   \   000002   D082         POP     DPL
   \   000004   02....       LJMP    ?BRET
     53          

   \                                 In  segment BANKED_CODE, align 1, keep-with-next
     54          void Delay_10us() //10 us延时
   \                     Delay_10us:
     55          {
   \   000000   C082         PUSH    DPL
   \   000002   C083         PUSH    DPH
   \   000004                ; Saved register size: 2
   \   000004                ; Auto size: 0
     56            MicroWait(10);
   \   000004                ; Setup parameters for call to function Onboard_wait
   \   000004   7A0A         MOV     R2,#0xa
   \   000006   80..         SJMP    ?Subroutine0
     57          }
     58          

   \                                 In  segment BANKED_CODE, align 1, keep-with-next
     59          void Delay_ms(uint Time)//n ms延时
   \                     Delay_ms:
     60          {
   \   000000   74F7         MOV     A,#-0x9
   \   000002   12....       LCALL   ?BANKED_ENTER_XDATA
   \   000005                ; Saved register size: 9
   \   000005                ; Auto size: 0
   \   000005   EA           MOV     A,R2
   \   000006   FE           MOV     R6,A
   \   000007   EB           MOV     A,R3
   \   000008   FF           MOV     R7,A
     61            unsigned char i;
     62            while(Time--)
   \                     ??Delay_ms_0:
   \   000009   EE           MOV     A,R6
   \   00000A   F8           MOV     R0,A
   \   00000B   EF           MOV     A,R7
   \   00000C   F9           MOV     R1,A
   \   00000D   E8           MOV     A,R0
   \   00000E   24FF         ADD     A,#-0x1
   \   000010   1E           DEC     R6
   \   000011   E9           MOV     A,R1
   \   000012   34FF         ADDC    A,#-0x1
   \   000014   FF           MOV     R7,A
   \   000015   E8           MOV     A,R0
   \   000016   49           ORL     A,R1
   \   000017   6012         JZ      ??Delay_ms_1
     63            {
     64              for(i=0;i<100;i++)
   \   000019   75..64       MOV     ?V0 + 0,#0x64
     65               Delay_10us();
   \                     ??Delay_ms_2:
   \   00001C                ; Setup parameters for call to function Onboard_wait
   \   00001C   7A0A         MOV     R2,#0xa
   \   00001E   7B00         MOV     R3,#0x0
   \   000020   12....       LCALL   ??Onboard_wait?relay
   \   000023   15..         DEC     ?V0 + 0
   \   000025   E5..         MOV     A,?V0 + 0
   \   000027   60E0         JZ      ??Delay_ms_0
   \   000029   80F1         SJMP    ??Delay_ms_2
     66            }
     67          }
   \                     ??Delay_ms_1:
   \   00002B                REQUIRE ?Subroutine1
   \   00002B                ; // Fall through to label ?Subroutine1

   \                                 In  segment BANKED_CODE, align 1, keep-with-next
   \                     ?Subroutine1:
   \   000000   7F01         MOV     R7,#0x1
   \   000002   02....       LJMP    ?BANKED_LEAVE_XDATA
     68          
     69          
     70          /***********************
     71             温湿度传感
     72          ***********************/

   \                                 In  segment BANKED_CODE, align 1, keep-with-next
     73          void COM(void)	// 温湿写入
   \                     COM:
     74          {     
   \   000000   74F7         MOV     A,#-0x9
   \   000002   12....       LCALL   ?BANKED_ENTER_XDATA
   \   000005                ; Saved register size: 9
   \   000005                ; Auto size: 0
     75              uchar i;         
     76              for(i=0;i<8;i++)    
   \   000005   7E08         MOV     R6,#0x8
     77              {
     78               ucharFLAG=2; 
   \                     ??COM_0:
   \   000007   90....       MOV     DPTR,#ucharFLAG
   \   00000A   7402         MOV     A,#0x2
   \   00000C   F0           MOVX    @DPTR,A
     79               while((!temp_humi)&&ucharFLAG++);
   \                     ??COM_1:
   \   00000D   A286         MOV     C,0x80.6
   \   00000F   4005         JC      ??COM_2
   \   000011   12....       LCALL   ?Subroutine4 & 0xFFFF
   \                     ??CrossCallReturnLabel_2:
   \   000014   70F7         JNZ     ??COM_1
     80               Delay_10us();
   \                     ??COM_2:
   \   000016                ; Setup parameters for call to function Onboard_wait
   \   000016   12....       LCALL   ?Subroutine3 & 0xFFFF
     81               Delay_10us();
     82               Delay_10us();
     83               uchartemp=0;
   \                     ??CrossCallReturnLabel_0:
   \   000019   90....       MOV     DPTR,#uchartemp
   \   00001C   E4           CLR     A
   \   00001D   F0           MOVX    @DPTR,A
     84               if(temp_humi)uchartemp=1;
   \   00001E   A286         MOV     C,0x80.6
   \   000020   5002         JNC     ??COM_3
   \   000022   04           INC     A
   \   000023   F0           MOVX    @DPTR,A
     85               ucharFLAG=2;
   \                     ??COM_3:
   \   000024   90....       MOV     DPTR,#ucharFLAG
   \   000027   7402         MOV     A,#0x2
   \   000029   F0           MOVX    @DPTR,A
     86               while((temp_humi)&&ucharFLAG++);   
   \                     ??COM_4:
   \   00002A   A286         MOV     C,0x80.6
   \   00002C   5005         JNC     ??COM_5
   \   00002E   12....       LCALL   ?Subroutine4 & 0xFFFF
   \                     ??CrossCallReturnLabel_3:
   \   000031   70F7         JNZ     ??COM_4
     87               if(ucharFLAG==1)break;    
   \                     ??COM_5:
   \   000033   E0           MOVX    A,@DPTR
   \   000034   6401         XRL     A,#0x1
   \   000036   601B         JZ      ??COM_6
     88               ucharcomdata<<=1;
     89               ucharcomdata|=uchartemp; 
   \   000038   90....       MOV     DPTR,#uchartemp
   \   00003B   C082         PUSH    DPL
   \   00003D   90....       MOV     DPTR,#ucharcomdata
   \   000040   E0           MOVX    A,@DPTR
   \   000041   C3           CLR     C
   \   000042   33           RLC     A
   \   000043   7583..       MOV     DPH,#(uchartemp >> 8) & 0xff
   \   000046   D082         POP     DPL
   \   000048   F8           MOV     R0,A
   \   000049   E0           MOVX    A,@DPTR
   \   00004A   48           ORL     A,R0
   \   00004B   90....       MOV     DPTR,#ucharcomdata
   \   00004E   F0           MOVX    @DPTR,A
     90               }    
   \   00004F   1E           DEC     R6
   \   000050   EE           MOV     A,R6
   \   000051   70B4         JNZ     ??COM_0
     91          }
   \                     ??COM_6:
   \   000053   80..         SJMP    ?Subroutine1
   \   000055                REQUIRE _A_P0

   \                                 In  segment BANKED_CODE, align 1, keep-with-next
   \                     ?Subroutine4:
   \   000000   E0           MOVX    A,@DPTR
   \   000001   F8           MOV     R0,A
   \   000002   7401         MOV     A,#0x1
   \   000004   28           ADD     A,R0
   \   000005   F0           MOVX    @DPTR,A
   \   000006   E8           MOV     A,R0
   \   000007   22           RET

   \                                 In  segment BANKED_CODE, align 1, keep-with-next
   \                     ?Subroutine3:
   \   000000   7A0A         MOV     R2,#0xa
   \   000002   7B00         MOV     R3,#0x0
   \   000004   12....       LCALL   ??Onboard_wait?relay
   \   000007                ; Setup parameters for call to function Onboard_wait
   \   000007                ; Setup parameters for call to function Onboard_wait
   \   000007   7A0A         MOV     R2,#0xa
   \   000009   7B00         MOV     R3,#0x0
   \   00000B   12....       LCALL   ??Onboard_wait?relay
   \   00000E                ; Setup parameters for call to function Onboard_wait
   \   00000E                ; Setup parameters for call to function Onboard_wait
   \   00000E   7A0A         MOV     R2,#0xa
   \   000010   7B00         MOV     R3,#0x0
   \   000012   12....       LCALL   ??Onboard_wait?relay
   \   000015   22           RET
     92          

   \                                 In  segment BANKED_CODE, align 1, keep-with-next
     93          void DHT11(void)   //温湿传感启动
   \                     DHT11:
     94          {
   \   000000   C082         PUSH    DPL
   \   000002   C083         PUSH    DPH
   \   000004                ; Saved register size: 2
   \   000004                ; Auto size: 0
     95              temp_humi=0;
   \   000004   C286         CLR     0x80.6
     96              Delay_ms(19);  //>18MS
   \   000006                ; Setup parameters for call to function Delay_ms
   \   000006   7A13         MOV     R2,#0x13
   \   000008   7B00         MOV     R3,#0x0
   \   00000A   12....       LCALL   ??Delay_ms?relay
     97              temp_humi=1; 
   \   00000D   D286         SETB    0x80.6
     98              P0DIR &= ~0x40; //重新配置IO口方向
   \   00000F   53FDBF       ANL     0xfd,#0xbf
     99              Delay_10us();
   \   000012                ; Setup parameters for call to function Onboard_wait
   \   000012   12....       LCALL   ?Subroutine3 & 0xFFFF
    100              Delay_10us();						
    101              Delay_10us();
    102              Delay_10us();  
   \                     ??CrossCallReturnLabel_1:
   \   000015                ; Setup parameters for call to function Onboard_wait
   \   000015   7A0A         MOV     R2,#0xa
   \   000017   7B00         MOV     R3,#0x0
   \   000019   12....       LCALL   ??Onboard_wait?relay
    103               if(!temp_humi) 
   \   00001C   A286         MOV     C,0x80.6
   \   00001E   5003         JNC     $+5
   \   000020   02....       LJMP    ??DHT11_0 & 0xFFFF
    104               {
    105                ucharFLAG=2; 
   \   000023   90....       MOV     DPTR,#ucharFLAG
   \   000026   7402         MOV     A,#0x2
   \   000028   F0           MOVX    @DPTR,A
    106                while((!temp_humi)&&ucharFLAG++);
   \                     ??DHT11_1:
   \   000029   A286         MOV     C,0x80.6
   \   00002B   4005         JC      ??DHT11_2
   \   00002D   12....       LCALL   ?Subroutine4 & 0xFFFF
   \                     ??CrossCallReturnLabel_4:
   \   000030   70F7         JNZ     ??DHT11_1
    107                ucharFLAG=2;
   \                     ??DHT11_2:
   \   000032   7402         MOV     A,#0x2
   \   000034   F0           MOVX    @DPTR,A
    108                while((temp_humi)&&ucharFLAG++); 
   \                     ??DHT11_3:
   \   000035   A286         MOV     C,0x80.6
   \   000037   5005         JNC     ??DHT11_4
   \   000039   12....       LCALL   ?Subroutine4 & 0xFFFF
   \                     ??CrossCallReturnLabel_5:
   \   00003C   70F7         JNZ     ??DHT11_3
    109                COM();
   \                     ??DHT11_4:
   \   00003E                ; Setup parameters for call to function COM
   \   00003E   12....       LCALL   ??Subroutine6_0 & 0xFFFF
    110                ucharRH_data_H_temp=ucharcomdata;
   \                     ??CrossCallReturnLabel_10:
   \   000041   90....       MOV     DPTR,#ucharRH_data_H_temp
   \   000044   12....       LCALL   ?Subroutine2 & 0xFFFF
    111                COM();
    112                ucharRH_data_L_temp=ucharcomdata;
   \                     ??CrossCallReturnLabel_6:
   \   000047   90....       MOV     DPTR,#ucharRH_data_L_temp
   \   00004A   12....       LCALL   ?Subroutine2 & 0xFFFF
    113                COM();
    114                ucharT_data_H_temp=ucharcomdata;
   \                     ??CrossCallReturnLabel_7:
   \   00004D   90....       MOV     DPTR,#ucharT_data_H_temp
   \   000050   12....       LCALL   ?Subroutine2 & 0xFFFF
    115                COM();
    116                ucharT_data_L_temp=ucharcomdata;
   \                     ??CrossCallReturnLabel_8:
   \   000053   90....       MOV     DPTR,#ucharT_data_L_temp
   \   000056   12....       LCALL   ?Subroutine2 & 0xFFFF
    117                COM();
    118                ucharcheckdata_temp=ucharcomdata;
   \                     ??CrossCallReturnLabel_9:
   \   000059   90....       MOV     DPTR,#ucharcheckdata_temp
   \   00005C   F0           MOVX    @DPTR,A
    119                temp_humi=1; 
   \   00005D   D286         SETB    0x80.6
    120                uchartemp=(ucharT_data_H_temp+ucharT_data_L_temp+ucharRH_data_H_temp+ucharRH_data_L_temp);
   \   00005F   90....       MOV     DPTR,#ucharRH_data_L_temp
   \   000062   C082         PUSH    DPL
   \   000064   C083         PUSH    DPH
   \   000066   90....       MOV     DPTR,#ucharRH_data_H_temp
   \   000069   C082         PUSH    DPL
   \   00006B   C083         PUSH    DPH
   \   00006D   90....       MOV     DPTR,#ucharT_data_L_temp
   \   000070   C082         PUSH    DPL
   \   000072   90....       MOV     DPTR,#ucharT_data_H_temp
   \   000075   E0           MOVX    A,@DPTR
   \   000076   7583..       MOV     DPH,#(ucharT_data_L_temp >> 8) & 0xff
   \   000079   D082         POP     DPL
   \   00007B   F8           MOV     R0,A
   \   00007C   E0           MOVX    A,@DPTR
   \   00007D   28           ADD     A,R0
   \   00007E   D083         POP     DPH
   \   000080   D082         POP     DPL
   \   000082   F8           MOV     R0,A
   \   000083   E0           MOVX    A,@DPTR
   \   000084   28           ADD     A,R0
   \   000085   D083         POP     DPH
   \   000087   D082         POP     DPL
   \   000089   F8           MOV     R0,A
   \   00008A   E0           MOVX    A,@DPTR
   \   00008B   28           ADD     A,R0
   \   00008C   90....       MOV     DPTR,#uchartemp
   \   00008F   F0           MOVX    @DPTR,A
    121                 if(uchartemp==ucharcheckdata_temp)
   \   000090   F8           MOV     R0,A
   \   000091   90....       MOV     DPTR,#ucharcheckdata_temp
   \   000094   E0           MOVX    A,@DPTR
   \   000095   68           XRL     A,R0
   \   000096   7028         JNZ     ??DHT11_5
    122                {
    123                    ucharRH_data_H=ucharRH_data_H_temp;
   \   000098   90....       MOV     DPTR,#ucharRH_data_H_temp
   \   00009B   E0           MOVX    A,@DPTR
   \   00009C   90....       MOV     DPTR,#ucharRH_data_H
   \   00009F   F0           MOVX    @DPTR,A
    124                    ucharRH_data_L=ucharRH_data_L_temp;
   \   0000A0   90....       MOV     DPTR,#ucharRH_data_L_temp
   \   0000A3   E0           MOVX    A,@DPTR
   \   0000A4   90....       MOV     DPTR,#ucharRH_data_L
   \   0000A7   F0           MOVX    @DPTR,A
    125                    ucharT_data_H=ucharT_data_H_temp;
   \   0000A8   90....       MOV     DPTR,#ucharT_data_H_temp
   \   0000AB   E0           MOVX    A,@DPTR
   \   0000AC   90....       MOV     DPTR,#ucharT_data_H
   \   0000AF   F0           MOVX    @DPTR,A
    126                    ucharT_data_L=ucharT_data_L_temp;
   \   0000B0   90....       MOV     DPTR,#ucharT_data_L_temp
   \   0000B3   E0           MOVX    A,@DPTR
   \   0000B4   90....       MOV     DPTR,#ucharT_data_L
   \   0000B7   F0           MOVX    @DPTR,A
    127                    ucharcheckdata=ucharcheckdata_temp;
   \   0000B8   90....       MOV     DPTR,#ucharcheckdata_temp
   \   0000BB   E0           MOVX    A,@DPTR
   \   0000BC   90....       MOV     DPTR,#ucharcheckdata
   \   0000BF   F0           MOVX    @DPTR,A
    128                 }
    129                   temp_decade=ucharT_data_H/10; 
   \                     ??DHT11_5:
   \   0000C0   75F00A       MOV     B,#0xa
   \   0000C3   90....       MOV     DPTR,#ucharT_data_H
   \   0000C6   E0           MOVX    A,@DPTR
   \   0000C7   84           DIV     AB
   \   0000C8   90....       MOV     DPTR,#temp_decade
   \   0000CB   F0           MOVX    @DPTR,A
    130                   temp_unit=ucharT_data_H%10;
   \   0000CC   90....       MOV     DPTR,#ucharT_data_H
   \   0000CF   E0           MOVX    A,@DPTR
   \   0000D0   75F00A       MOV     B,#0xa
   \   0000D3   84           DIV     AB
   \   0000D4   E5F0         MOV     A,B
   \   0000D6   90....       MOV     DPTR,#temp_unit
   \   0000D9   F0           MOVX    @DPTR,A
    131          	 
    132                   humi_decade =ucharRH_data_H/10; 
   \   0000DA   75F00A       MOV     B,#0xa
   \   0000DD   90....       MOV     DPTR,#ucharRH_data_H
   \   0000E0   E0           MOVX    A,@DPTR
   \   0000E1   84           DIV     AB
   \   0000E2   90....       MOV     DPTR,#humi_decade
   \   0000E5   F0           MOVX    @DPTR,A
    133                   humi_unit =ucharRH_data_H%10;        
   \   0000E6   90....       MOV     DPTR,#ucharRH_data_H
   \   0000E9   E0           MOVX    A,@DPTR
   \   0000EA   75F00A       MOV     B,#0xa
   \   0000ED   84           DIV     AB
   \   0000EE   E5F0         MOV     A,B
   \   0000F0   800D         SJMP    ??DHT11_6
    134              } 
    135              else //没用成功读取，返回0
    136              {
    137                   temp_decade=0; 
   \                     ??DHT11_0:
   \   0000F2   90....       MOV     DPTR,#temp_decade
   \   0000F5   E4           CLR     A
   \   0000F6   F0           MOVX    @DPTR,A
    138                   temp_unit=0;
   \   0000F7   90....       MOV     DPTR,#temp_unit
   \   0000FA   F0           MOVX    @DPTR,A
    139          	 
    140                   humi_decade=0; 
   \   0000FB   90....       MOV     DPTR,#humi_decade
   \   0000FE   F0           MOVX    @DPTR,A
    141                   humi_unit=0;  
   \                     ??DHT11_6:
   \   0000FF   90....       MOV     DPTR,#humi_unit
   \   000102   F0           MOVX    @DPTR,A
    142              } 
    143             P0DIR |= 0x40; //IO口需要重新配置 
   \   000103   43FD40       ORL     0xfd,#0x40
    144          }
   \   000106   02....       LJMP    ??Subroutine5_0 & 0xFFFF
   \   000109                REQUIRE _A_P0
   \   000109                REQUIRE P0DIR

   \                                 In  segment BANKED_CODE, align 1, keep-with-next
   \                     ?Subroutine2:
   \   000000   F0           MOVX    @DPTR,A
   \   000001                ; Setup parameters for call to function COM
   \   000001                ; Setup parameters for call to function COM
   \   000001                ; Setup parameters for call to function COM
   \   000001                ; Setup parameters for call to function COM
   \   000001                REQUIRE ??Subroutine6_0
   \   000001                ; // Fall through to label ??Subroutine6_0

   \                                 In  segment BANKED_CODE, align 1, keep-with-next
   \                     ??Subroutine6_0:
   \   000000   12....       LCALL   ??COM?relay
   \   000003   90....       MOV     DPTR,#ucharcomdata
   \   000006   E0           MOVX    A,@DPTR
   \   000007   22           RET

   \                                 In  segment XDATA_ID, align 1, keep-with-next
   \                     `?<Initializer for temp_unit>`:
   \   000000   04           DB 4

   \                                 In  segment XDATA_ID, align 1, keep-with-next
   \                     `?<Initializer for temp1>`:
   \   000000   74656D70     DB 74H, 65H, 6DH, 70H, 3DH
   \            3D      

   \                                 In  segment XDATA_ID, align 1, keep-with-next
   \                     `?<Initializer for humidity1>`:
   \   000000   68756D69     DB 68H, 75H, 6DH, 69H, 64H, 69H, 74H, 79H
   \            64697479
   \   000008   3D           DB 3DH

   \                                 In  segment BANK_RELAYS, align 1
   \                     ??Delay_us?relay:
   \   000000   12....       LCALL   ?BDISPATCH
   \   000003   ......       DC24    Delay_us

   \                                 In  segment BANK_RELAYS, align 1
   \                     ??Delay_10us?relay:
   \   000000   12....       LCALL   ?BDISPATCH
   \   000003   ......       DC24    Delay_10us

   \                                 In  segment BANK_RELAYS, align 1
   \                     ??Delay_ms?relay:
   \   000000   12....       LCALL   ?BDISPATCH
   \   000003   ......       DC24    Delay_ms

   \                                 In  segment BANK_RELAYS, align 1
   \                     ??COM?relay:
   \   000000   12....       LCALL   ?BDISPATCH
   \   000003   ......       DC24    COM

   \                                 In  segment BANK_RELAYS, align 1
   \                     ??DHT11?relay:
   \   000000   12....       LCALL   ?BDISPATCH
   \   000003   ......       DC24    DHT11

   Maximum stack usage in bytes:

     Function          ISTACK PSTACK XSTACK
     --------          ------ ------ ------
     COM                   2      0      9
       -> Onboard_wait     0      0     18
       -> Onboard_wait     0      0     18
       -> Onboard_wait     0      0     18
     DHT11                 8      0      0
       -> Delay_ms         4      0      0
       -> Onboard_wait     4      0      0
       -> Onboard_wait     4      0      0
       -> Onboard_wait     4      0      0
       -> Onboard_wait     4      0      0
       -> COM              4      0      0
       -> COM              4      0      0
       -> COM              4      0      0
       -> COM              4      0      0
       -> COM              4      0      0
     Delay_10us            2      0      0
       -> Onboard_wait     4      0      0
     Delay_ms              0      0      9
       -> Onboard_wait     0      0     18
     Delay_us              2      0      0
       -> Onboard_wait     4      0      0


   Segment part sizes:

     Function/Label               Bytes
     --------------               -----
     _A_P0                           1
     P0DIR                           1
     ucharFLAG                       1
     uchartemp                       1
     humi_decade                     1
     humi_unit                       1
     temp_decade                     1
     temp_unit                       1
     ucharT_data_H                   1
     ucharT_data_L                   1
     ucharRH_data_H                  1
     ucharRH_data_L                  1
     ucharcheckdata                  1
     ucharT_data_H_temp              1
     ucharT_data_L_temp              1
     ucharRH_data_H_temp             1
     ucharRH_data_L_temp             1
     ucharcheckdata_temp             1
     ucharcomdata                    1
     temp                            2
     temp1                           5
     humidity                        2
     humidity1                       9
     Delay_us                        6
     ?Subroutine0                    5
     ??Subroutine5_0                 7
     Delay_10us                      8
     Delay_ms                       43
     ?Subroutine1                    5
     COM                            85
     ?Subroutine4                    8
     ?Subroutine3                   22
     DHT11                         265
     ?Subroutine2                    1
     ??Subroutine6_0                 8
     ?<Initializer for temp_unit>    1
     ?<Initializer for temp1>        5
     ?<Initializer for humidity1>    9
     ??Delay_us?relay                6
     ??Delay_10us?relay              6
     ??Delay_ms?relay                6
     ??COM?relay                     6
     ??DHT11?relay                   6

 
 463 bytes in segment BANKED_CODE
  30 bytes in segment BANK_RELAYS
   2 bytes in segment SFR_AN
  15 bytes in segment XDATA_I
  15 bytes in segment XDATA_ID
  20 bytes in segment XDATA_Z
 
 508 bytes of CODE  memory
   0 bytes of DATA  memory (+ 2 bytes shared)
  35 bytes of XDATA memory

Errors: none
Warnings: none
