###############################################################################
#                                                                             #
# IAR C/C++ Compiler V8.10.1.10194/W32 for 8051         06/Apr/2016  13:52:49 #
# Copyright 2004-2011 IAR Systems AB.                                         #
#                                                                             #
#    Core               =  plain                                              #
#    Code model         =  banked                                             #
#    Data model         =  large                                              #
#    Calling convention =  xdata reentrant                                    #
#    Constant location  =  data_rom                                           #
#    Dptr setup         =  1,16                                               #
#    Source file        =  E:\Projects\IGreen-Zigbee\zigbee\Projects\zstack\S #
#                          amples\SampleApp\Source\SampleApp.c                #
#    Command line       =  -f E:\Projects\IGreen-Zigbee\zigbee\Projects\zstac #
#                          k\Samples\SampleApp\CC2530DB\..\..\..\Tools\CC2530 #
#                          DB\f8wRouter.cfg (-DCPU32MHZ -DROOT=__near_func    #
#                          -DMAC_CFG_APP_PENDING_QUEUE=TRUE                   #
#                          -DMAC_CFG_TX_DATA_MAX=5 -DMAC_CFG_TX_MAX=8         #
#                          -DMAC_CFG_RX_MAX=5 -DRTR_NWK) -f                   #
#                          E:\Projects\IGreen-Zigbee\zigbee\Projects\zstack\S #
#                          amples\SampleApp\CC2530DB\..\..\..\Tools\CC2530DB\ #
#                          f8wConfig.cfg (-DZIGBEEPRO -DSECURE=0              #
#                          -DZG_SECURE_DYNAMIC=0 -DREFLECTOR                  #
#                          -DDEFAULT_CHANLIST=0x00000800                      #
#                          -DZDAPP_CONFIG_PAN_ID=0xFF00                       #
#                          -DNWK_START_DELAY=100 -DEXTENDED_JOINING_RANDOM_MA #
#                          SK=0x007F -DBEACON_REQUEST_DELAY=100               #
#                          -DBEACON_REQ_DELAY_MASK=0x00FF                     #
#                          -DLINK_STATUS_JITTER_MASK=0x007F                   #
#                          -DROUTE_EXPIRY_TIME=30 -DAPSC_ACK_WAIT_DURATION_PO #
#                          LLED=3000 -DNWK_INDIRECT_MSG_TIMEOUT=7             #
#                          -DMAX_RREQ_ENTRIES=8 -DAPSC_MAX_FRAME_RETRIES=3    #
#                          -DNWK_MAX_DATA_RETRIES=2                           #
#                          -DMAX_POLL_FAILURE_RETRIES=2 -DMAX_BCAST=9         #
#                          -DAPS_MAX_GROUPS=16 -DMAX_RTG_ENTRIES=40           #
#                          -DNWK_MAX_BINDING_ENTRIES=4                        #
#                          -DMAX_BINDING_CLUSTER_IDS=4 "-DDEFAULT_KEY={0x01,  #
#                          0x03, 0x05, 0x07, 0x09, 0x0B, 0x0D, 0x0F, 0x00,    #
#                          0x02, 0x04, 0x06, 0x08, 0x0A, 0x0C, 0x0D}"         #
#                          -DMAC_MAX_FRAME_SIZE=116                           #
#                          -DZDNWKMGR_MIN_TRANSMISSIONS=20 "-DCONST=const     #
#                          __code" -DGENERIC=__generic                        #
#                          -DRFD_RCVC_ALWAYS_ON=FALSE -DPOLL_RATE=1000        #
#                          -DQUEUED_POLL_RATE=100 -DRESPONSE_POLL_RATE=100)   #
#                          -DREJOIN_POLL_RATE=440 E:\Projects\IGreen-Zigbee\z #
#                          igbee\Projects\zstack\Samples\SampleApp\Source\Sam #
#                          pleApp.c -D ZTOOL_P1 -D MT_TASK -D MT_SYS_FUNC -D  #
#                          MT_ZDO_FUNC -D LCD_SUPPORTED=DEBUG -lC             #
#                          E:\Projects\IGreen-Zigbee\zigbee\Projects\zstack\S #
#                          amples\SampleApp\CC2530DB\RouterEB\List\ -lA       #
#                          E:\Projects\IGreen-Zigbee\zigbee\Projects\zstack\S #
#                          amples\SampleApp\CC2530DB\RouterEB\List\           #
#                          --diag_suppress Pe001,Pa010 -o                     #
#                          E:\Projects\IGreen-Zigbee\zigbee\Projects\zstack\S #
#                          amples\SampleApp\CC2530DB\RouterEB\Obj\ -e         #
#                          --no_code_motion --debug --core=plain --dptr=16,1  #
#                          --data_model=large --code_model=banked             #
#                          --calling_convention=xdata_reentrant               #
#                          --place_constants=data_rom --nr_virtual_regs 16    #
#                          -I E:\Projects\IGreen-Zigbee\zigbee\Projects\zstac #
#                          k\Samples\SampleApp\CC2530DB\ -I                   #
#                          E:\Projects\IGreen-Zigbee\zigbee\Projects\zstack\S #
#                          amples\SampleApp\CC2530DB\..\Source\ -I            #
#                          E:\Projects\IGreen-Zigbee\zigbee\Projects\zstack\S #
#                          amples\SampleApp\CC2530DB\..\..\..\ZMain\TI2530DB\ #
#                           -I E:\Projects\IGreen-Zigbee\zigbee\Projects\zsta #
#                          ck\Samples\SampleApp\CC2530DB\..\..\..\..\..\Compo #
#                          nents\hal\include\ -I E:\Projects\IGreen-Zigbee\zi #
#                          gbee\Projects\zstack\Samples\SampleApp\CC2530DB\.. #
#                          \..\..\..\..\Components\hal\target\CC2530EB\ -I    #
#                          E:\Projects\IGreen-Zigbee\zigbee\Projects\zstack\S #
#                          amples\SampleApp\CC2530DB\..\..\..\..\..\Component #
#                          s\mac\include\ -I E:\Projects\IGreen-Zigbee\zigbee #
#                          \Projects\zstack\Samples\SampleApp\CC2530DB\..\..\ #
#                          ..\..\..\Components\mac\high_level\ -I             #
#                          E:\Projects\IGreen-Zigbee\zigbee\Projects\zstack\S #
#                          amples\SampleApp\CC2530DB\..\..\..\..\..\Component #
#                          s\mac\low_level\srf04\ -I                          #
#                          E:\Projects\IGreen-Zigbee\zigbee\Projects\zstack\S #
#                          amples\SampleApp\CC2530DB\..\..\..\..\..\Component #
#                          s\mac\low_level\srf04\single_chip\ -I              #
#                          E:\Projects\IGreen-Zigbee\zigbee\Projects\zstack\S #
#                          amples\SampleApp\CC2530DB\..\..\..\..\..\Component #
#                          s\mt\ -I E:\Projects\IGreen-Zigbee\zigbee\Projects #
#                          \zstack\Samples\SampleApp\CC2530DB\..\..\..\..\..\ #
#                          Components\osal\include\ -I                        #
#                          E:\Projects\IGreen-Zigbee\zigbee\Projects\zstack\S #
#                          amples\SampleApp\CC2530DB\..\..\..\..\..\Component #
#                          s\services\saddr\ -I E:\Projects\IGreen-Zigbee\zig #
#                          bee\Projects\zstack\Samples\SampleApp\CC2530DB\..\ #
#                          ..\..\..\..\Components\services\sdata\ -I          #
#                          E:\Projects\IGreen-Zigbee\zigbee\Projects\zstack\S #
#                          amples\SampleApp\CC2530DB\..\..\..\..\..\Component #
#                          s\stack\af\ -I E:\Projects\IGreen-Zigbee\zigbee\Pr #
#                          ojects\zstack\Samples\SampleApp\CC2530DB\..\..\..\ #
#                          ..\..\Components\stack\nwk\ -I                     #
#                          E:\Projects\IGreen-Zigbee\zigbee\Projects\zstack\S #
#                          amples\SampleApp\CC2530DB\..\..\..\..\..\Component #
#                          s\stack\sapi\ -I E:\Projects\IGreen-Zigbee\zigbee\ #
#                          Projects\zstack\Samples\SampleApp\CC2530DB\..\..\. #
#                          .\..\..\Components\stack\sec\ -I                   #
#                          E:\Projects\IGreen-Zigbee\zigbee\Projects\zstack\S #
#                          amples\SampleApp\CC2530DB\..\..\..\..\..\Component #
#                          s\stack\sys\ -I E:\Projects\IGreen-Zigbee\zigbee\P #
#                          rojects\zstack\Samples\SampleApp\CC2530DB\..\..\.. #
#                          \..\..\Components\stack\zdo\ -I                    #
#                          E:\Projects\IGreen-Zigbee\zigbee\Projects\zstack\S #
#                          amples\SampleApp\CC2530DB\..\..\..\..\..\Component #
#                          s\zmac\ -I E:\Projects\IGreen-Zigbee\zigbee\Projec #
#                          ts\zstack\Samples\SampleApp\CC2530DB\..\..\..\..\. #
#                          .\Components\zmac\f8w\ -Ohz --require_prototypes   #
#    List file          =  E:\Projects\IGreen-Zigbee\zigbee\Projects\zstack\S #
#                          amples\SampleApp\CC2530DB\RouterEB\List\SampleApp. #
#                          lst                                                #
#    Object file        =  E:\Projects\IGreen-Zigbee\zigbee\Projects\zstack\S #
#                          amples\SampleApp\CC2530DB\RouterEB\Obj\SampleApp.r #
#                          51                                                 #
#                                                                             #
#                                                                             #
###############################################################################

E:\Projects\IGreen-Zigbee\zigbee\Projects\zstack\Samples\SampleApp\Source\SampleApp.c
      1          #include <stdio.h>
      2          #include <string.h>
      3          #include "OSAL.h"
      4          #include "ZGlobals.h"
      5          #include "AF.h"
      6          #include "aps_groups.h"
      7          #include "ZDApp.h"
      8          #include "SampleApp.h"
      9          #include "SampleAppHw.h"
     10          #include "OnBoard.h"

   \                                 In  segment SFR_AN, at 0xf3
   \   unsigned char volatile __sfr P0SEL
   \                     P0SEL:
   \   000000                DS 1
     11          /* HAL */
     12          #include "hal_lcd.h"
     13          #include "hal_led.h"
     14          #include "hal_key.h"
     15          #include  "MT_UART.h" //此处用于串口
     16          #include "DHT11.H" //温湿度传感器头文件      
     17          #include "instructions.h" //存放Igreen通信协议
     18          
     19          /**
     20           *  @CopyRight(版权): 华韵科技有限公司 2016~2026
     21           *  @作者： 主要负责人：姜陈俊 辅助：王辰浩
     22           *  @日期： 2016/4/5
     23           *  @描述： 本文件是应用的主要文件
     24           *  @主要函数列表： 
     25           *     1. void SampleApp_Init( uint8 task_id )
     26           *                                                   //初始化串口
     27           *     2. void SampleApp_SendPeriodicMessage(void)   
     28           *                                                   //子节点周期性发送数据给主节点
     29           *     3. void SampleApp_MessageMSGCB(afIncomingMSGPacket_t pkt)
     30           *                                                    //主节点将接收的数据通过串口给终端
     31           */
     32          
     33          
     34          #define LED P1_0
     35          #define HUMI_PIN P2_0 //定义土壤湿度的检测引脚
     36          void sendmsg_temp_humi(void);  //发送温度和湿度
     37          
     38          void SampleApp_HandleKeys( uint8 shift, uint8 keys );
     39          void SampleApp_MessageMSGCB( afIncomingMSGPacket_t *pckt );
     40          void SampleApp_SendPeriodicMessage( void );
     41          void SampleApp_SendFlashMessage( uint16 flashTime );
     42          
     43          // 该列表需要填放应用程序特定的Cluster IDs(暂译为簇ID)

   \                                 In  segment XDATA_ROM_C, align 1
     44          const cId_t SampleApp_ClusterList[SAMPLEAPP_MAX_CLUSTERS] =
   \                     SampleApp_ClusterList:
   \   000000   0100         DW 1
   \   000002   0200         DW 2
     45          {
     46            SAMPLEAPP_PERIODIC_CLUSTERID,
     47            SAMPLEAPP_FLASH_CLUSTERID
     48          };
     49          

   \                                 In  segment XDATA_ROM_C, align 1
     50          const SimpleDescriptionFormat_t SampleApp_SimpleDesc =
   \                     SampleApp_SimpleDesc:
   \   000000   14           DB 20
   \   000001   080F         DW 3848
   \   000003   0100         DW 1
   \   000005   00           DB 0
   \   000006   02           DB 2
   \   000007   ....         DW SampleApp_ClusterList
   \   000009   02           DB 2
   \   00000A   ....         DW SampleApp_ClusterList
     51          {
     52            SAMPLEAPP_ENDPOINT,              //  int Endpoint;
     53            SAMPLEAPP_PROFID,                //  uint16 AppProfId[2];
     54            SAMPLEAPP_DEVICEID,              //  uint16 AppDeviceId[2];
     55            SAMPLEAPP_DEVICE_VERSION,        //  int   AppDevVer:4;
     56            SAMPLEAPP_FLAGS,                 //  int   AppFlags:4;
     57            SAMPLEAPP_MAX_CLUSTERS,          //  uint8  AppNumInClusters;
     58            (cId_t *)SampleApp_ClusterList,  //  uint8 *pAppInClusterList;
     59            SAMPLEAPP_MAX_CLUSTERS,          //  uint8  AppNumInClusters;
     60            (cId_t *)SampleApp_ClusterList   //  uint8 *pAppInClusterList;
     61          };
     62          
     63          // This is the Endpoint/Interface description.  It is defined here, but
     64          // filled-in in SampleApp_Init().  Another way to go would be to fill
     65          // in the structure here and make it a "const" (in code space).  The
     66          // way it's defined in this sample app it is define in RAM.

   \                                 In  segment XDATA_Z, align 1, keep-with-next
     67          endPointDesc_t SampleApp_epDesc;
   \                     SampleApp_epDesc:
   \   000000                DS 6
   \   000006                REQUIRE __INIT_XDATA_Z
     68          
     69          

   \                                 In  segment XDATA_Z, align 1, keep-with-next
     70          uint8 SampleApp_TaskID;   // Task ID for internal task/event processing
   \                     SampleApp_TaskID:
   \   000000                DS 1
   \   000001                REQUIRE __INIT_XDATA_Z
     71                                    // This variable will be received when
     72                                    // SampleApp_Init() is called.

   \                                 In  segment XDATA_Z, align 1, keep-with-next
     73          devStates_t SampleApp_NwkState;
   \                     SampleApp_NwkState:
   \   000000                DS 1
   \   000001                REQUIRE __INIT_XDATA_Z
     74          

   \                                 In  segment XDATA_Z, align 1, keep-with-next
     75          uint8 SampleApp_TransID;  // This is the unique message ID (counter)
   \                     SampleApp_TransID:
   \   000000                DS 1
   \   000001                REQUIRE __INIT_XDATA_Z
     76          

   \                                 In  segment XDATA_Z, align 1, keep-with-next
     77          afAddrType_t SampleApp_Periodic_DstAddr;
   \                     SampleApp_Periodic_DstAddr:
   \   000000                DS 12
   \   00000C                REQUIRE __INIT_XDATA_Z

   \                                 In  segment XDATA_Z, align 1, keep-with-next
     78          afAddrType_t SampleApp_Flash_DstAddr;
   \                     SampleApp_Flash_DstAddr:
   \   000000                DS 12
   \   00000C                REQUIRE __INIT_XDATA_Z
     79          

   \                                 In  segment XDATA_Z, align 1, keep-with-next
     80          aps_Group_t SampleApp_Group;
   \                     SampleApp_Group:
   \   000000                DS 18
   \   000012                REQUIRE __INIT_XDATA_Z
     81          

   \                                 In  segment XDATA_Z, align 1, keep-with-next
     82          uint8 SampleAppPeriodicCounter = 0;
   \                     SampleAppPeriodicCounter:
   \   000000                DS 1
   \   000001                REQUIRE __INIT_XDATA_Z

   \                                 In  segment XDATA_Z, align 1, keep-with-next
     83          uint8 SampleAppFlashCounter = 0;
   \                     SampleAppFlashCounter:
   \   000000                DS 1
   \   000001                REQUIRE __INIT_XDATA_Z
     84          
     85          /**----------------------------------------------------------------*
     86           * @函数    SampleApp_SendPeriodicMessage
     87           * @简介   发送周期性信息(给主节点)
     88           * @参数    none
     89           * @返回值  none
     90           *----------------------------------------------------------------*/

   \                                 In  segment BANKED_CODE, align 1, keep-with-next
     91          void SampleApp_SendPeriodicMessage( void )
   \                     SampleApp_SendPeriodicMessage:
     92          {
   \   000000   C082         PUSH    DPL
   \   000002   C083         PUSH    DPH
   \   000004                ; Saved register size: 2
   \   000004                ; Auto size: 0
     93            sendmsg_temp_humi(); //发送温度和湿度
   \   000004                ; Setup parameters for call to function sendmsg_temp_humi
   \   000004   12....       LCALL   ??sendmsg_temp_humi?relay
     94          
     95          }
   \   000007   D083         POP     DPH
   \   000009   D082         POP     DPL
   \   00000B   02....       LJMP    ?BRET
     96          /**----------------------------------------------------------------*
     97           * @函数    void sendmsg_temp_humi(void)
     98           * @简介    发送温度和湿度
     99           * @参数    none
    100           * @返回值  none
    101           *----------------------------------------------------------------*/

   \                                 In  segment BANKED_CODE, align 1, keep-with-next
    102          void sendmsg_temp_humi(void)
   \                     sendmsg_temp_humi:
    103          {
   \   000000   74F6         MOV     A,#-0xa
   \   000002   12....       LCALL   ?BANKED_ENTER_XDATA
   \   000005                ; Saved register size: 10
   \   000005                ; Auto size: 32
   \   000005   74E0         MOV     A,#-0x20
   \   000007   12....       LCALL   ?ALLOC_XSTACK8
    104            uint8 buffer[32];
    105            /*----------------------------------- 
    106             *  温度湿度检测将其放入缓冲区
    107             *----------------------------------*/
    108            DHT11();    //温度检测
   \   00000A                ; Setup parameters for call to function DHT11
   \   00000A   12....       LCALL   ??DHT11?relay
    109            buffer[0] = RES_TEMP;   //温度 
   \   00000D   85..82       MOV     DPL,?XSP + 0
   \   000010   85..83       MOV     DPH,?XSP + 1
   \   000013   7450         MOV     A,#0x50
   \   000015   F0           MOVX    @DPTR,A
    110            buffer[1] = 0; buffer[2] = 0; buffer[3] = 0; buffer[4] = 1; //4byte=32bit 唯一ID
   \   000016   7401         MOV     A,#0x1
   \   000018   12....       LCALL   ?XSTACK_DISP0_8
   \   00001B   E4           CLR     A
   \   00001C   F0           MOVX    @DPTR,A
   \   00001D   7402         MOV     A,#0x2
   \   00001F   12....       LCALL   ?XSTACK_DISP0_8
   \   000022   E4           CLR     A
   \   000023   F0           MOVX    @DPTR,A
   \   000024   7403         MOV     A,#0x3
   \   000026   12....       LCALL   ?XSTACK_DISP0_8
   \   000029   E4           CLR     A
   \   00002A   F0           MOVX    @DPTR,A
   \   00002B   7404         MOV     A,#0x4
   \   00002D   12....       LCALL   ?XSTACK_DISP0_8
   \   000030   7401         MOV     A,#0x1
   \   000032   F0           MOVX    @DPTR,A
    111            buffer[5] = CMD_SEP; 
   \   000033   7405         MOV     A,#0x5
   \   000035   12....       LCALL   ?XSTACK_DISP0_8
   \   000038   742F         MOV     A,#0x2f
   \   00003A   F0           MOVX    @DPTR,A
    112            buffer[6] = temp_decade + '0';
   \   00003B   90....       MOV     DPTR,#temp_decade
   \   00003E   E0           MOVX    A,@DPTR
   \   00003F   2430         ADD     A,#0x30
   \   000041   C0E0         PUSH    A
   \   000043   7406         MOV     A,#0x6
   \   000045   12....       LCALL   ?XSTACK_DISP0_8
   \   000048   D0E0         POP     A
   \   00004A   F0           MOVX    @DPTR,A
    113            buffer[7] = temp_unit   + '0';
   \   00004B   90....       MOV     DPTR,#temp_unit
   \   00004E   E0           MOVX    A,@DPTR
   \   00004F   2430         ADD     A,#0x30
   \   000051   C0E0         PUSH    A
   \   000053   7407         MOV     A,#0x7
   \   000055   12....       LCALL   ?XSTACK_DISP0_8
   \   000058   D0E0         POP     A
   \   00005A   F0           MOVX    @DPTR,A
    114            buffer[8]= CMD_END; 
   \   00005B   7408         MOV     A,#0x8
   \   00005D   12....       LCALL   ?XSTACK_DISP0_8
   \   000060   12....       LCALL   ?Subroutine2 & 0xFFFF
    115            //将温度发送给节点
    116            if ( AF_DataRequest( &SampleApp_Periodic_DstAddr, &SampleApp_epDesc,
    117                                 SAMPLEAPP_PERIODIC_CLUSTERID, //和主节点中SampleApp_MessageMSGCB的SAMPLEAPP_PERIODIC_CLUSTERID一致。
    118                                 9,//字节数
    119                                 buffer,//存放温度缓冲区
    120                                 &SampleApp_TransID,
    121                                 AF_DISCV_ROUTE,
    122                                 AF_DEFAULT_RADIUS ) == afStatus_SUCCESS )
   \                     ??CrossCallReturnLabel_3:
   \   000063   12....       LCALL   ?PUSH_XSTACK_I_ONE
   \   000066   75....       MOV     ?V0 + 0,#SampleApp_TransID & 0xff
   \   000069   75....       MOV     ?V0 + 1,#(SampleApp_TransID >> 8) & 0xff
   \   00006C   78..         MOV     R0,#?V0 + 0
   \   00006E   12....       LCALL   ?PUSH_XSTACK_I_TWO
   \   000071   7403         MOV     A,#0x3
   \   000073   12....       LCALL   ?XSTACK_DISP0_8
   \   000076   8582..       MOV     ?V0 + 0,DPL
   \   000079   8583..       MOV     ?V0 + 1,DPH
   \   00007C   78..         MOV     R0,#?V0 + 0
   \   00007E   12....       LCALL   ?PUSH_XSTACK_I_TWO
   \   000081   75..09       MOV     ?V0 + 0,#0x9
   \   000084   75..00       MOV     ?V0 + 1,#0x0
   \   000087   78..         MOV     R0,#?V0 + 0
   \   000089   12....       LCALL   ?PUSH_XSTACK_I_TWO
   \   00008C   75..01       MOV     ?V0 + 0,#0x1
   \   00008F   78..         MOV     R0,#?V0 + 0
   \   000091   12....       LCALL   ?PUSH_XSTACK_I_TWO
   \   000094   7920         MOV     R1,#0x20
   \   000096   7C..         MOV     R4,#SampleApp_epDesc & 0xff
   \   000098   7D..         MOV     R5,#(SampleApp_epDesc >> 8) & 0xff
   \   00009A   7A..         MOV     R2,#SampleApp_Periodic_DstAddr & 0xff
   \   00009C   7B..         MOV     R3,#(SampleApp_Periodic_DstAddr >> 8) & 0xff
   \   00009E   12....       LCALL   ??AF_DataRequest?relay
   \   0000A1   7409         MOV     A,#0x9
   \   0000A3   12....       LCALL   ?DEALLOC_XSTACK8
   \   0000A6   E9           MOV     A,R1
   \   0000A7   700D         JNZ     ??sendmsg_temp_humi_0
    123            {
    124                HalUARTWrite(0, "temp success\n", strlen("temp success\n")); //显示温度发送成功
   \   0000A9                ; Setup parameters for call to function HalUARTWrite
   \   0000A9   7C0D         MOV     R4,#0xd
   \   0000AB   7D00         MOV     R5,#0x0
   \   0000AD   7A..         MOV     R2,#`?<Constant "temp success\\n">` & 0xff
   \   0000AF   7B..         MOV     R3,#(`?<Constant "temp success\\n">` >> 8) & 0xff
   \   0000B1   7900         MOV     R1,#0x0
   \   0000B3   12....       LCALL   ??HalUARTWrite?relay
    125            }
    126            else{// Error occurred in request to send.
    127            }
    128          
    129            buffer[0] = RES_HUMI;   //湿度 
   \                     ??sendmsg_temp_humi_0:
   \   0000B6   85..82       MOV     DPL,?XSP + 0
   \   0000B9   85..83       MOV     DPH,?XSP + 1
   \   0000BC   7448         MOV     A,#0x48
   \   0000BE   F0           MOVX    @DPTR,A
    130            buffer[1] = 0; buffer[2] = 0; buffer[3] = 0; buffer[4] = 1;//4byte=32bit 唯一ID(1)
   \   0000BF   7401         MOV     A,#0x1
   \   0000C1   12....       LCALL   ?XSTACK_DISP0_8
   \   0000C4   E4           CLR     A
   \   0000C5   F0           MOVX    @DPTR,A
   \   0000C6   7402         MOV     A,#0x2
   \   0000C8   12....       LCALL   ?XSTACK_DISP0_8
   \   0000CB   E4           CLR     A
   \   0000CC   F0           MOVX    @DPTR,A
   \   0000CD   7403         MOV     A,#0x3
   \   0000CF   12....       LCALL   ?XSTACK_DISP0_8
   \   0000D2   E4           CLR     A
   \   0000D3   F0           MOVX    @DPTR,A
   \   0000D4   7404         MOV     A,#0x4
   \   0000D6   12....       LCALL   ?XSTACK_DISP0_8
   \   0000D9   7401         MOV     A,#0x1
   \   0000DB   F0           MOVX    @DPTR,A
    131            buffer[5] = CMD_SEP; 
   \   0000DC   7405         MOV     A,#0x5
   \   0000DE   12....       LCALL   ?XSTACK_DISP0_8
   \   0000E1   742F         MOV     A,#0x2f
   \   0000E3   F0           MOVX    @DPTR,A
    132            buffer[6] = humi_decade + '0';
   \   0000E4   90....       MOV     DPTR,#humi_decade
   \   0000E7   E0           MOVX    A,@DPTR
   \   0000E8   2430         ADD     A,#0x30
   \   0000EA   C0E0         PUSH    A
   \   0000EC   7406         MOV     A,#0x6
   \   0000EE   12....       LCALL   ?XSTACK_DISP0_8
   \   0000F1   D0E0         POP     A
   \   0000F3   F0           MOVX    @DPTR,A
    133            buffer[7] = humi_unit   + '0';
   \   0000F4   90....       MOV     DPTR,#humi_unit
   \   0000F7   E0           MOVX    A,@DPTR
   \   0000F8   2430         ADD     A,#0x30
   \   0000FA   C0E0         PUSH    A
   \   0000FC   7407         MOV     A,#0x7
   \   0000FE   12....       LCALL   ?XSTACK_DISP0_8
   \   000101   D0E0         POP     A
   \   000103   F0           MOVX    @DPTR,A
    134            buffer[8] = CMD_END; 
   \   000104   7408         MOV     A,#0x8
   \   000106   12....       LCALL   ?XSTACK_DISP0_8
   \   000109   12....       LCALL   ?Subroutine2 & 0xFFFF
    135            //将湿度发送给节点
    136            if ( AF_DataRequest( &SampleApp_Periodic_DstAddr, &SampleApp_epDesc,SAMPLEAPP_PERIODIC_CLUSTERID, 9,buffer,&SampleApp_TransID,AF_DISCV_ROUTE,AF_DEFAULT_RADIUS ) 
    137                                       == afStatus_SUCCESS )
   \                     ??CrossCallReturnLabel_4:
   \   00010C   12....       LCALL   ?PUSH_XSTACK_I_ONE
   \   00010F   75....       MOV     ?V0 + 0,#SampleApp_TransID & 0xff
   \   000112   75....       MOV     ?V0 + 1,#(SampleApp_TransID >> 8) & 0xff
   \   000115   78..         MOV     R0,#?V0 + 0
   \   000117   12....       LCALL   ?PUSH_XSTACK_I_TWO
   \   00011A   7403         MOV     A,#0x3
   \   00011C   12....       LCALL   ?XSTACK_DISP0_8
   \   00011F   8582..       MOV     ?V0 + 0,DPL
   \   000122   8583..       MOV     ?V0 + 1,DPH
   \   000125   78..         MOV     R0,#?V0 + 0
   \   000127   12....       LCALL   ?PUSH_XSTACK_I_TWO
   \   00012A   75..09       MOV     ?V0 + 0,#0x9
   \   00012D   75..00       MOV     ?V0 + 1,#0x0
   \   000130   78..         MOV     R0,#?V0 + 0
   \   000132   12....       LCALL   ?PUSH_XSTACK_I_TWO
   \   000135   75..01       MOV     ?V0 + 0,#0x1
   \   000138   78..         MOV     R0,#?V0 + 0
   \   00013A   12....       LCALL   ?PUSH_XSTACK_I_TWO
   \   00013D   7920         MOV     R1,#0x20
   \   00013F   7C..         MOV     R4,#SampleApp_epDesc & 0xff
   \   000141   7D..         MOV     R5,#(SampleApp_epDesc >> 8) & 0xff
   \   000143   7A..         MOV     R2,#SampleApp_Periodic_DstAddr & 0xff
   \   000145   7B..         MOV     R3,#(SampleApp_Periodic_DstAddr >> 8) & 0xff
   \   000147   12....       LCALL   ??AF_DataRequest?relay
   \   00014A   7409         MOV     A,#0x9
   \   00014C   12....       LCALL   ?DEALLOC_XSTACK8
   \   00014F   E9           MOV     A,R1
   \   000150   700D         JNZ     ??sendmsg_temp_humi_1
    138            {
    139                HalUARTWrite(0, "humi success\n", strlen("humi success\n")); //显示温度发送成功
   \   000152                ; Setup parameters for call to function HalUARTWrite
   \   000152   7C0D         MOV     R4,#0xd
   \   000154   7D00         MOV     R5,#0x0
   \   000156   7A..         MOV     R2,#`?<Constant "humi success\\n">` & 0xff
   \   000158   7B..         MOV     R3,#(`?<Constant "humi success\\n">` >> 8) & 0xff
   \   00015A   7900         MOV     R1,#0x0
   \   00015C   12....       LCALL   ??HalUARTWrite?relay
    140            }
    141            else{// Error occurred in request to send.
    142            }
    143          }
   \                     ??sendmsg_temp_humi_1:
   \   00015F   7420         MOV     A,#0x20
   \   000161   02....       LJMP    ?Subroutine0 & 0xFFFF

   \                                 In  segment BANKED_CODE, align 1, keep-with-next
   \                     ?Subroutine2:
   \   000000   7445         MOV     A,#0x45
   \   000002                REQUIRE ??Subroutine3_0
   \   000002                ; // Fall through to label ??Subroutine3_0

   \                                 In  segment BANKED_CODE, align 1, keep-with-next
   \                     ??Subroutine3_0:
   \   000000   F0           MOVX    @DPTR,A
   \   000001                ; Setup parameters for call to function AF_DataRequest
   \   000001                ; Setup parameters for call to function AF_DataRequest
   \   000001                ; Setup parameters for call to function AF_DataRequest
   \   000001   75..1E       MOV     ?V0 + 0,#0x1e
   \   000004   78..         MOV     R0,#?V0 + 0
   \   000006   22           RET

   \                                 In  segment BANKED_CODE, align 1, keep-with-next
   \                     ?Subroutine0:
   \   000000   12....       LCALL   ?DEALLOC_XSTACK8
   \   000003                REQUIRE ??Subroutine4_0
   \   000003                ; // Fall through to label ??Subroutine4_0

   \                                 In  segment BANKED_CODE, align 1, keep-with-next
   \                     ??Subroutine4_0:
   \   000000   7F02         MOV     R7,#0x2
   \   000002   02....       LJMP    ?BANKED_LEAVE_XDATA
    144          
    145          /**-----------------------------------------------------------------------------
    146           * @fn      SampleApp_MessageMSGCB
    147           * @brief   数据信息处理器的回调函数。该函数处理任何进来的数据（可能来自与其他设备）
    148           *          因此，依赖于cluster ID(簇ID)，进行相应的操作
    149           * @param   none
    150           * @return  none
    151           *---------------------------------------------------------------------------*/

   \                                 In  segment BANKED_CODE, align 1, keep-with-next
    152          void SampleApp_MessageMSGCB( afIncomingMSGPacket_t *pkt )
   \                     SampleApp_MessageMSGCB:
    153          {
   \   000000   74F6         MOV     A,#-0xa
   \   000002   12....       LCALL   ?BANKED_ENTER_XDATA
   \   000005                ; Saved register size: 10
   \   000005                ; Auto size: 0
    154            int i;
    155            uint16 flashTime;
    156            uint8 buffer[64];
                         ^
Warning[Pe177]: variable "buffer" was declared but never referenced
    157          
    158            switch ( pkt->clusterId )
   \   000005   8A82         MOV     DPL,R2
   \   000007   8B83         MOV     DPH,R3
   \   000009   A3           INC     DPTR
   \   00000A   A3           INC     DPTR
   \   00000B   A3           INC     DPTR
   \   00000C   A3           INC     DPTR
   \   00000D   E0           MOVX    A,@DPTR
   \   00000E   F5..         MOV     ?V0 + 0,A
   \   000010   A3           INC     DPTR
   \   000011   E0           MOVX    A,@DPTR
   \   000012   F5..         MOV     ?V0 + 1,A
   \   000014   78..         MOV     R0,#?V0 + 0
   \   000016   12....       LCALL   ?US_SWITCH_DENSE
   \                     `?<Jumptable for SampleApp_MessageMSGCB>_0`:
   \   000019   0100         DW        1
   \   00001B   01           DB        1
   \   00001C   ....         DW        ??SampleApp_MessageMSGCB_0
   \   00001E   ....         DW        ??SampleApp_MessageMSGCB_1
   \   000020   ....         DW        ??SampleApp_MessageMSGCB_2
    159            {
    160              case SAMPLEAPP_PERIODIC_CLUSTERID: //接到SAMPLEAPP_PERIODIC_CLUSTERID的数据
    161                {
    162                    for (i = 0; i < 32; i++) {
   \                     ??SampleApp_MessageMSGCB_1:
   \   000022   7800         MOV     R0,#0x0
   \   000024   7900         MOV     R1,#0x0
    163                        if (pkt->cmd.Data[i] == CMD_END)  //找到一条指令，则将该指令(0~i+1之间的字符串)发送出去
   \                     ??SampleApp_MessageMSGCB_3:
   \   000026   12....       LCALL   ?Subroutine1 & 0xFFFF
   \                     ??CrossCallReturnLabel_0:
   \   000029   28           ADD     A,R0
   \   00002A   FC           MOV     R4,A
   \   00002B   A3           INC     DPTR
   \   00002C   E0           MOVX    A,@DPTR
   \   00002D   39           ADDC    A,R1
   \   00002E   8C82         MOV     DPL,R4
   \   000030   F583         MOV     DPH,A
   \   000032   E0           MOVX    A,@DPTR
   \   000033   6445         XRL     A,#0x45
   \   000035   7016         JNZ     ??SampleApp_MessageMSGCB_4
    164                        {
    165                            HalUARTWrite(0, &pkt->cmd.Data[0], i+1); //打印收到数据(数量为end-start+1)
   \   000037                ; Setup parameters for call to function HalUARTWrite
   \   000037   E8           MOV     A,R0
   \   000038   2401         ADD     A,#0x1
   \   00003A   FC           MOV     R4,A
   \   00003B   E9           MOV     A,R1
   \   00003C   3400         ADDC    A,#0x0
   \   00003E   FD           MOV     R5,A
   \   00003F   12....       LCALL   ?Subroutine1 & 0xFFFF
   \                     ??CrossCallReturnLabel_1:
   \   000042   FA           MOV     R2,A
   \   000043   A3           INC     DPTR
   \   000044   E0           MOVX    A,@DPTR
   \   000045   FB           MOV     R3,A
   \   000046   7900         MOV     R1,#0x0
   \   000048   12....       LCALL   ??HalUARTWrite?relay
    166                            break;
   \   00004B   804B         SJMP    ??SampleApp_MessageMSGCB_0
    167                        }
    168                    }
   \                     ??SampleApp_MessageMSGCB_4:
   \   00004D   E8           MOV     A,R0
   \   00004E   2401         ADD     A,#0x1
   \   000050   08           INC     R0
   \   000051   E9           MOV     A,R1
   \   000052   3400         ADDC    A,#0x0
   \   000054   F9           MOV     R1,A
   \   000055   C3           CLR     C
   \   000056   E8           MOV     A,R0
   \   000057   9420         SUBB    A,#0x20
   \   000059   E9           MOV     A,R1
   \   00005A   9400         SUBB    A,#0x0
   \   00005C   A2D2         MOV     C,0xD0 /* PSW */.2
   \   00005E   65D0         XRL     A,PSW
   \   000060   33           RLC     A
   \   000061   5035         JNC     ??SampleApp_MessageMSGCB_0
   \   000063   80C1         SJMP    ??SampleApp_MessageMSGCB_3
    169                }
    170                break;
    171          
    172              case SAMPLEAPP_FLASH_CLUSTERID:
    173                flashTime = BUILD_UINT16(pkt->cmd.Data[1], pkt->cmd.Data[2] );
    174                HalLedBlink( HAL_LED_4, 4, 50, (flashTime / 4) );
   \                     ??SampleApp_MessageMSGCB_2:
   \   000065   12....       LCALL   ?Subroutine1 & 0xFFFF
   \                     ??CrossCallReturnLabel_2:
   \   000068   F8           MOV     R0,A
   \   000069   A3           INC     DPTR
   \   00006A   E0           MOVX    A,@DPTR
   \   00006B   F9           MOV     R1,A
   \   00006C                ; Setup parameters for call to function HalLedBlink
   \   00006C   8882         MOV     DPL,R0
   \   00006E   8983         MOV     DPH,R1
   \   000070   A3           INC     DPTR
   \   000071   E0           MOVX    A,@DPTR
   \   000072   FA           MOV     R2,A
   \   000073   8882         MOV     DPL,R0
   \   000075   8983         MOV     DPH,R1
   \   000077   A3           INC     DPTR
   \   000078   A3           INC     DPTR
   \   000079   E0           MOVX    A,@DPTR
   \   00007A   F9           MOV     R1,A
   \   00007B   EA           MOV     A,R2
   \   00007C   2400         ADD     A,#0x0
   \   00007E   F5..         MOV     ?V0 + 0,A
   \   000080   E4           CLR     A
   \   000081   39           ADDC    A,R1
   \   000082   F5..         MOV     ?V0 + 1,A
   \   000084   7402         MOV     A,#0x2
   \   000086   78..         MOV     R0,#?V0 + 0
   \   000088   12....       LCALL   ?US_SHR
   \   00008B   AC..         MOV     R4,?V0 + 0
   \   00008D   AD..         MOV     R5,?V0 + 1
   \   00008F   7B32         MOV     R3,#0x32
   \   000091   7A04         MOV     R2,#0x4
   \   000093   7908         MOV     R1,#0x8
   \   000095   12....       LCALL   ??HalLedBlink?relay
    175                break;
    176            }
    177          }
   \                     ??SampleApp_MessageMSGCB_0:
   \   000098   80..         SJMP    ??Subroutine4_0

   \                                 In  segment BANKED_CODE, align 1, keep-with-next
   \                     ?Subroutine1:
   \   000000   EA           MOV     A,R2
   \   000001   2422         ADD     A,#0x22
   \   000003   F582         MOV     DPL,A
   \   000005   EB           MOV     A,R3
   \   000006   3400         ADDC    A,#0x0
   \   000008   F583         MOV     DPH,A
   \   00000A   E0           MOVX    A,@DPTR
   \   00000B   22           RET
    178          
    179          /**-----------------------------------------------------------------------------------------------
    180           * @fn      SampleApp_Init
    181           * @brief   通用APP任务的初始化函数。该函数在初始化程序和任何需要包含应用相关的初始化程序期间被调用。
    182           *         （例如：硬件初始化程序，table初始化，power up（上电）通知等）
    183           * @param   task_id - OSAL分配的ID。该ID需要被用于发送信息和设置定时器。
    184           * @return  none
    185           */

   \                                 In  segment BANKED_CODE, align 1, keep-with-next
    186          void SampleApp_Init( uint8 task_id )
   \                     SampleApp_Init:
    187          {
   \   000000   74F5         MOV     A,#-0xb
   \   000002   12....       LCALL   ?BANKED_ENTER_XDATA
   \   000005                ; Saved register size: 11
   \   000005                ; Auto size: 0
   \   000005   E9           MOV     A,R1
   \   000006   FE           MOV     R6,A
    188            SampleApp_TaskID = task_id;
   \   000007   90....       MOV     DPTR,#SampleApp_TaskID
   \   00000A   F0           MOVX    @DPTR,A
    189            SampleApp_NwkState = DEV_INIT;
   \   00000B   90....       MOV     DPTR,#SampleApp_NwkState
   \   00000E   7401         MOV     A,#0x1
   \   000010   F0           MOVX    @DPTR,A
    190            SampleApp_TransID = 0;
   \   000011   90....       MOV     DPTR,#SampleApp_TransID
   \   000014   E4           CLR     A
   \   000015   F0           MOVX    @DPTR,A
    191            
    192            MT_UartInit();//串口初始化
   \   000016                ; Setup parameters for call to function MT_UartInit
   \   000016   12....       LCALL   ??MT_UartInit?relay
    193            MT_UartRegisterTaskID(task_id);//登记任务号
   \   000019                ; Setup parameters for call to function MT_UartRegisterTaskID
   \   000019   EE           MOV     A,R6
   \   00001A   F9           MOV     R1,A
   \   00001B   12....       LCALL   ??MT_UartRegisterTaskID?relay
    194            HalUARTWrite(0,"Hello IGreen\n",12); //（串口0，'字符'，字符个数。）
   \   00001E                ; Setup parameters for call to function HalUARTWrite
   \   00001E   7C0C         MOV     R4,#0xc
   \   000020   7D00         MOV     R5,#0x0
   \   000022   7A..         MOV     R2,#`?<Constant "Hello IGreen\\n">` & 0xff
   \   000024   7B..         MOV     R3,#(`?<Constant "Hello IGreen\\n">` >> 8) & 0xff
   \   000026   7900         MOV     R1,#0x0
   \   000028   12....       LCALL   ??HalUARTWrite?relay
    195            
    196            /*------------------------------------------ 
    197             *        引脚初始化
    198             *------------------------------------------*/
    199          //  P1DIR |= 0x010 ; //P1_0  定义为输出   湿度传感器
    200          //  P1INP |= 0X01;   // 打开下拉
    201            
    202          //  P2SEL &= ~0X01;  // 设置 0 P20  为普通 O IO  口
    203          //  P2DIR &= ~0X01;  // 在 在 0 P20  口，设置为输入模式
    204          //  P2INP &= ~0x01;  // 打开 0 P20  上拉电阻, , 不影响
    205            
    206            P0SEL &= 0xbf;   //DS18B20/DHT11 IO口初始化
   \   00002B   53F3BF       ANL     0xf3,#0xbf
    207            
    208            // Device hardware initialization can be added here or in main() (Zmain.c).
    209            // If the hardware is application specific - add it here.
    210            // If the hardware is other parts of the device add it in main().
    211          
    212           #if defined ( BUILD_ALL_DEVICES )
    213            // The "Demo" target is setup to have BUILD_ALL_DEVICES and HOLD_AUTO_START
    214            // We are looking at a jumper (defined in SampleAppHw.c) to be jumpered
    215            // together - if they are - we will start up a coordinator. Otherwise,
    216            // the device will start as a router.
    217            if ( readCoordinatorJumper() )
    218              zgDeviceLogicalType = ZG_DEVICETYPE_COORDINATOR;
    219            else
    220              zgDeviceLogicalType = ZG_DEVICETYPE_ROUTER;
    221          #endif // BUILD_ALL_DEVICES
    222          
    223          #if defined ( HOLD_AUTO_START )
    224            // HOLD_AUTO_START is a compile option that will surpress ZDApp
    225            //  from starting the device and wait for the application to
    226            //  start the device.
    227            ZDOInitDevice(0);
    228          #endif
    229          
    230            // Setup for the periodic message's destination address
    231            // Broadcast to everyone
    232            SampleApp_Periodic_DstAddr.addrMode = (afAddrMode_t)AddrBroadcast;
   \   00002E   90....       MOV     DPTR,#SampleApp_Periodic_DstAddr + 8
   \   000031   740F         MOV     A,#0xf
   \   000033   F0           MOVX    @DPTR,A
    233            SampleApp_Periodic_DstAddr.endPoint = SAMPLEAPP_ENDPOINT;
   \   000034   A3           INC     DPTR
   \   000035   7414         MOV     A,#0x14
   \   000037   F0           MOVX    @DPTR,A
    234            SampleApp_Periodic_DstAddr.addr.shortAddr = 0xFFFF;//数据包发送到网络上所有设备
   \   000038   90....       MOV     DPTR,#SampleApp_Periodic_DstAddr
   \   00003B   74FF         MOV     A,#-0x1
   \   00003D   F0           MOVX    @DPTR,A
   \   00003E   A3           INC     DPTR
   \   00003F   F0           MOVX    @DPTR,A
    235          
    236            // Setup for the flash command's destination address - Group 1
    237            SampleApp_Flash_DstAddr.addrMode = (afAddrMode_t)afAddrGroup;
   \   000040   90....       MOV     DPTR,#SampleApp_Flash_DstAddr + 8
   \   000043   7401         MOV     A,#0x1
   \   000045   F0           MOVX    @DPTR,A
    238            SampleApp_Flash_DstAddr.endPoint = SAMPLEAPP_ENDPOINT;
   \   000046   A3           INC     DPTR
   \   000047   7414         MOV     A,#0x14
   \   000049   F0           MOVX    @DPTR,A
    239            SampleApp_Flash_DstAddr.addr.shortAddr = SAMPLEAPP_FLASH_GROUP;
   \   00004A   90....       MOV     DPTR,#SampleApp_Flash_DstAddr
   \   00004D   7401         MOV     A,#0x1
   \   00004F   F0           MOVX    @DPTR,A
   \   000050   A3           INC     DPTR
   \   000051   E4           CLR     A
   \   000052   F0           MOVX    @DPTR,A
    240          
    241            // Fill out the endpoint description.
    242            SampleApp_epDesc.endPoint = SAMPLEAPP_ENDPOINT;
   \   000053   90....       MOV     DPTR,#SampleApp_epDesc
   \   000056   7414         MOV     A,#0x14
   \   000058   F0           MOVX    @DPTR,A
    243            SampleApp_epDesc.task_id = &SampleApp_TaskID;
   \   000059   A3           INC     DPTR
   \   00005A   74..         MOV     A,#SampleApp_TaskID & 0xff
   \   00005C   F0           MOVX    @DPTR,A
   \   00005D   A3           INC     DPTR
   \   00005E   74..         MOV     A,#(SampleApp_TaskID >> 8) & 0xff
   \   000060   F0           MOVX    @DPTR,A
    244            SampleApp_epDesc.simpleDesc
    245                      = (SimpleDescriptionFormat_t *)&SampleApp_SimpleDesc;
   \   000061   A3           INC     DPTR
   \   000062   74..         MOV     A,#SampleApp_SimpleDesc & 0xff
   \   000064   F0           MOVX    @DPTR,A
   \   000065   A3           INC     DPTR
   \   000066   74..         MOV     A,#(SampleApp_SimpleDesc >> 8) & 0xff
   \   000068   F0           MOVX    @DPTR,A
    246            SampleApp_epDesc.latencyReq = noLatencyReqs;
   \   000069   A3           INC     DPTR
   \   00006A   E4           CLR     A
   \   00006B   F0           MOVX    @DPTR,A
    247          
    248            // Register the endpoint description with the AF
    249            afRegister( &SampleApp_epDesc );
   \   00006C                ; Setup parameters for call to function afRegister
   \   00006C   7A..         MOV     R2,#SampleApp_epDesc & 0xff
   \   00006E   7B..         MOV     R3,#(SampleApp_epDesc >> 8) & 0xff
   \   000070   12....       LCALL   ??afRegister?relay
    250          
    251            // Register for all key events - This app will handle all key events
    252            RegisterForKeys( SampleApp_TaskID );
   \   000073                ; Setup parameters for call to function RegisterForKeys
   \   000073   90....       MOV     DPTR,#SampleApp_TaskID
   \   000076   E0           MOVX    A,@DPTR
   \   000077   F9           MOV     R1,A
   \   000078   12....       LCALL   ??RegisterForKeys?relay
    253          
    254            // By default, all devices start out in Group 1
    255            SampleApp_Group.ID = 0x0001;
   \   00007B   90....       MOV     DPTR,#SampleApp_Group
   \   00007E   7401         MOV     A,#0x1
   \   000080   F0           MOVX    @DPTR,A
   \   000081   A3           INC     DPTR
   \   000082   E4           CLR     A
   \   000083   F0           MOVX    @DPTR,A
    256            osal_memcpy( SampleApp_Group.name, "Group 1", 7  );
   \   000084                ; Setup parameters for call to function osal_memcpy
   \   000084   75....       MOV     ?V0 + 0,#`?<Constant "Group 1">` & 0xff
   \   000087   75....       MOV     ?V0 + 1,#(`?<Constant "Group 1">` >> 8) & 0xff
   \   00008A   F5..         MOV     ?V0 + 2,A
   \   00008C   78..         MOV     R0,#?V0 + 0
   \   00008E   12....       LCALL   ?PUSH_XSTACK_I_THREE
   \   000091   7C07         MOV     R4,#0x7
   \   000093   7D00         MOV     R5,#0x0
   \   000095   7A..         MOV     R2,#(SampleApp_Group + 2) & 0xff
   \   000097   7B..         MOV     R3,#((SampleApp_Group + 2) >> 8) & 0xff
   \   000099   12....       LCALL   ??osal_memcpy?relay
   \   00009C   7403         MOV     A,#0x3
   \   00009E   12....       LCALL   ?DEALLOC_XSTACK8
    257            aps_AddGroup( SAMPLEAPP_ENDPOINT, &SampleApp_Group );
   \   0000A1                ; Setup parameters for call to function aps_AddGroup
   \   0000A1   7A..         MOV     R2,#SampleApp_Group & 0xff
   \   0000A3   7B..         MOV     R3,#(SampleApp_Group >> 8) & 0xff
   \   0000A5   7914         MOV     R1,#0x14
   \   0000A7   12....       LCALL   ??aps_AddGroup?relay
    258          
    259          #if defined ( LCD_SUPPORTED )
    260            HalLcdWriteString( "SampleApp", HAL_LCD_LINE_1 );
   \   0000AA                ; Setup parameters for call to function HalLcdWriteString
   \   0000AA   7901         MOV     R1,#0x1
   \   0000AC   7A..         MOV     R2,#`?<Constant "SampleApp">` & 0xff
   \   0000AE   7B..         MOV     R3,#(`?<Constant "SampleApp">` >> 8) & 0xff
   \   0000B0   12....       LCALL   ??HalLcdWriteString?relay
    261          #endif
    262          }
   \   0000B3   7F03         MOV     R7,#0x3
   \   0000B5   02....       LJMP    ?BANKED_LEAVE_XDATA
   \   0000B8                REQUIRE P0SEL
    263          
    264          /*********************************************************************
    265           * @fn      SampleApp_ProcessEvent
    266           *
    267           * @brief   Generic Application Task event processor.  This function
    268           *          is called to process all events for the task.  Events
    269           *          include timers, messages and any other user defined events.
    270           *
    271           * @param   task_id  - The OSAL assigned task ID.
    272           * @param   events - events to process.  This is a bit map and can
    273           *                   contain more than one event.
    274           *
    275           * @return  none
    276           */

   \                                 In  segment BANKED_CODE, align 1, keep-with-next
    277          uint16 SampleApp_ProcessEvent( uint8 task_id, uint16 events )
   \                     SampleApp_ProcessEvent:
    278          {
   \   000000   74F4         MOV     A,#-0xc
   \   000002   12....       LCALL   ?BANKED_ENTER_XDATA
   \   000005                ; Saved register size: 12
   \   000005                ; Auto size: 0
   \   000005   EA           MOV     A,R2
   \   000006   FE           MOV     R6,A
   \   000007   EB           MOV     A,R3
   \   000008   FF           MOV     R7,A
    279            afIncomingMSGPacket_t *MSGpkt;
    280            (void)task_id;  // Intentionally unreferenced parameter
    281          
    282            if ( events & SYS_EVENT_MSG )
   \   000009   5480         ANL     A,#0x80
   \   00000B   6079         JZ      ??SampleApp_ProcessEvent_0
    283            {
    284              MSGpkt = (afIncomingMSGPacket_t *)osal_msg_receive( SampleApp_TaskID );
   \   00000D                ; Setup parameters for call to function osal_msg_receive
   \   00000D   802B         SJMP    ??SampleApp_ProcessEvent_1
    285              while ( MSGpkt )
    286              {
    287                switch ( MSGpkt->hdr.event )
    288                {
    289                  // Received when a key is pressed
    290                  case KEY_CHANGE:
    291                    SampleApp_HandleKeys( ((keyChange_t *)MSGpkt)->state, ((keyChange_t *)MSGpkt)->keys );
    292                    break;
    293          
    294                  // Received when a messages is received (OTA) for this endpoint
    295                  case AF_INCOMING_MSG_CMD:
    296                    SampleApp_MessageMSGCB( MSGpkt );
    297                    break;
    298          
    299                  // Received whenever the device changes state in the network
    300                  case ZDO_STATE_CHANGE:
    301                    SampleApp_NwkState = (devStates_t)(MSGpkt->hdr.status);
   \                     ??SampleApp_ProcessEvent_2:
   \   00000F   A3           INC     DPTR
   \   000010   E0           MOVX    A,@DPTR
   \   000011   90....       MOV     DPTR,#SampleApp_NwkState
   \   000014   F0           MOVX    @DPTR,A
    302                    if ( (SampleApp_NwkState == DEV_ZB_COORD)
    303                        || (SampleApp_NwkState == DEV_ROUTER)
    304                        || (SampleApp_NwkState == DEV_END_DEVICE) )
   \   000015   6409         XRL     A,#0x9
   \   000017   600A         JZ      ??SampleApp_ProcessEvent_3
   \   000019   E0           MOVX    A,@DPTR
   \   00001A   6407         XRL     A,#0x7
   \   00001C   6005         JZ      ??SampleApp_ProcessEvent_3
   \   00001E   E0           MOVX    A,@DPTR
   \   00001F   6406         XRL     A,#0x6
   \   000021   7010         JNZ     ??SampleApp_ProcessEvent_4
    305                    {
    306                      // Start sending the periodic message in a regular interval.
    307                      osal_start_timerEx( SampleApp_TaskID,
    308                                        SAMPLEAPP_SEND_PERIODIC_MSG_EVT,
    309                                        SAMPLEAPP_SEND_PERIODIC_MSG_TIMEOUT );
   \                     ??SampleApp_ProcessEvent_3:
   \   000023                ; Setup parameters for call to function osal_start_timerEx
   \   000023   7CE8         MOV     R4,#-0x18
   \   000025   7D03         MOV     R5,#0x3
   \   000027   7A01         MOV     R2,#0x1
   \   000029   7B00         MOV     R3,#0x0
   \   00002B   90....       MOV     DPTR,#SampleApp_TaskID
   \   00002E   E0           MOVX    A,@DPTR
   \   00002F   F9           MOV     R1,A
   \   000030   12....       LCALL   ??osal_start_timerEx?relay
    310                    }
    311                    else
    312                    {
    313                      // Device is no longer in the network
    314                    }
    315                    break;
    316          
    317                  default:
    318                    break;
    319                }
    320          
    321                // Release the memory
    322                osal_msg_deallocate( (uint8 *)MSGpkt );
   \                     ??SampleApp_ProcessEvent_4:
   \   000033                ; Setup parameters for call to function osal_msg_deallocate
   \   000033   AA..         MOV     R2,?V0 + 0
   \   000035   AB..         MOV     R3,?V0 + 1
   \   000037   12....       LCALL   ??osal_msg_deallocate?relay
    323          
    324                // Next - if one is available
    325                MSGpkt = (afIncomingMSGPacket_t *)osal_msg_receive( SampleApp_TaskID );
   \   00003A                ; Setup parameters for call to function osal_msg_receive
   \                     ??SampleApp_ProcessEvent_1:
   \   00003A   90....       MOV     DPTR,#SampleApp_TaskID
   \   00003D   E0           MOVX    A,@DPTR
   \   00003E   F9           MOV     R1,A
   \   00003F   12....       LCALL   ??osal_msg_receive?relay
   \   000042   8A..         MOV     ?V0 + 0,R2
   \   000044   8B..         MOV     ?V0 + 1,R3
   \   000046   E5..         MOV     A,?V0 + 0
   \   000048   45..         ORL     A,?V0 + 1
   \   00004A   6032         JZ      ??SampleApp_ProcessEvent_5
   \   00004C   85..82       MOV     DPL,?V0 + 0
   \   00004F   85..83       MOV     DPH,?V0 + 1
   \   000052   E0           MOVX    A,@DPTR
   \   000053   24E6         ADD     A,#-0x1a
   \   000055   601E         JZ      ??SampleApp_ProcessEvent_6
   \   000057   245A         ADD     A,#0x5a
   \   000059   6006         JZ      ??SampleApp_ProcessEvent_7
   \   00005B   24EF         ADD     A,#-0x11
   \   00005D   60B0         JZ      ??SampleApp_ProcessEvent_2
   \   00005F   80D2         SJMP    ??SampleApp_ProcessEvent_4
   \                     ??SampleApp_ProcessEvent_7:
   \   000061                ; Setup parameters for call to function SampleApp_HandleKeys
   \   000061   A3           INC     DPTR
   \   000062   A3           INC     DPTR
   \   000063   A3           INC     DPTR
   \   000064   E0           MOVX    A,@DPTR
   \   000065   FA           MOV     R2,A
   \   000066   85..82       MOV     DPL,?V0 + 0
   \   000069   85..83       MOV     DPH,?V0 + 1
   \   00006C   A3           INC     DPTR
   \   00006D   A3           INC     DPTR
   \   00006E   E0           MOVX    A,@DPTR
   \   00006F   F9           MOV     R1,A
   \   000070   12....       LCALL   ??SampleApp_HandleKeys?relay
   \   000073   80BE         SJMP    ??SampleApp_ProcessEvent_4
   \                     ??SampleApp_ProcessEvent_6:
   \   000075                ; Setup parameters for call to function SampleApp_MessageMSGCB
   \   000075   AA..         MOV     R2,?V0 + 0
   \   000077   AB..         MOV     R3,?V0 + 1
   \   000079   12....       LCALL   ??SampleApp_MessageMSGCB?relay
   \   00007C   80B5         SJMP    ??SampleApp_ProcessEvent_4
    326              }
    327          
    328              // return unprocessed events
    329              return (events ^ SYS_EVENT_MSG);
   \                     ??SampleApp_ProcessEvent_5:
   \   00007E   EE           MOV     A,R6
   \   00007F   FA           MOV     R2,A
   \   000080   EF           MOV     A,R7
   \   000081   6480         XRL     A,#0x80
   \                     ??SampleApp_ProcessEvent_8:
   \   000083   FB           MOV     R3,A
   \   000084   802A         SJMP    ??SampleApp_ProcessEvent_9
    330            }
    331          
    332            // Send a message out - This event is generated by a timer
    333            //  (setup in SampleApp_Init()).
    334            if ( events & SAMPLEAPP_SEND_PERIODIC_MSG_EVT )
   \                     ??SampleApp_ProcessEvent_0:
   \   000086   EE           MOV     A,R6
   \   000087   A2E0         MOV     C,0xE0 /* A   */.0
   \   000089   5021         JNC     ??SampleApp_ProcessEvent_10
    335            {
    336              // Send the periodic message
    337              SampleApp_SendPeriodicMessage();//周期性发送函数
   \   00008B                ; Setup parameters for call to function sendmsg_temp_humi
   \   00008B   12....       LCALL   ??sendmsg_temp_humi?relay
    338          
    339              // Setup to send message again in normal period (+ a little jitter)
    340              osal_start_timerEx( SampleApp_TaskID, SAMPLEAPP_SEND_PERIODIC_MSG_EVT,
    341                  (SAMPLEAPP_SEND_PERIODIC_MSG_TIMEOUT + (osal_rand() & 0x00FF)) );
   \   00008E                ; Setup parameters for call to function osal_rand
   \   00008E   12....       LCALL   ??osal_rand?relay
   \   000091                ; Setup parameters for call to function osal_start_timerEx
   \   000091   EA           MOV     A,R2
   \   000092   24E8         ADD     A,#-0x18
   \   000094   FC           MOV     R4,A
   \   000095   E4           CLR     A
   \   000096   3403         ADDC    A,#0x3
   \   000098   FD           MOV     R5,A
   \   000099   7A01         MOV     R2,#0x1
   \   00009B   7B00         MOV     R3,#0x0
   \   00009D   90....       MOV     DPTR,#SampleApp_TaskID
   \   0000A0   E0           MOVX    A,@DPTR
   \   0000A1   F9           MOV     R1,A
   \   0000A2   12....       LCALL   ??osal_start_timerEx?relay
    342          
    343              // return unprocessed events
    344              return (events ^ SAMPLEAPP_SEND_PERIODIC_MSG_EVT);
   \   0000A5   EE           MOV     A,R6
   \   0000A6   6401         XRL     A,#0x1
   \   0000A8   FA           MOV     R2,A
   \   0000A9   EF           MOV     A,R7
   \   0000AA   80D7         SJMP    ??SampleApp_ProcessEvent_8
    345            }
    346          
    347            // Discard unknown events
    348            return 0;
   \                     ??SampleApp_ProcessEvent_10:
   \   0000AC   7A00         MOV     R2,#0x0
   \   0000AE   7B00         MOV     R3,#0x0
   \                     ??SampleApp_ProcessEvent_9:
   \   0000B0   7F04         MOV     R7,#0x4
   \   0000B2   02....       LJMP    ?BANKED_LEAVE_XDATA
    349          }
    350          
    351          /*********************************************************************
    352           * Event Generation Functions
    353           */
    354          /*********************************************************************
    355           * @fn      SampleApp_HandleKeys
    356           *
    357           * @brief   Handles all key events for this device.
    358           *
    359           * @param   shift - true if in shift/alt.
    360           * @param   keys - bit field for key events. Valid entries:
    361           *                 HAL_KEY_SW_2
    362           *                 HAL_KEY_SW_1
    363           *
    364           * @return  none
    365           */

   \                                 In  segment BANKED_CODE, align 1, keep-with-next
    366          void SampleApp_HandleKeys( uint8 shift, uint8 keys )
   \                     SampleApp_HandleKeys:
    367          {
   \   000000   74F6         MOV     A,#-0xa
   \   000002   12....       LCALL   ?BANKED_ENTER_XDATA
   \   000005                ; Saved register size: 10
   \   000005                ; Auto size: 0
   \   000005   EA           MOV     A,R2
   \   000006   FE           MOV     R6,A
    368            (void)shift;  // Intentionally unreferenced parameter
    369            
    370            if ( keys & HAL_KEY_SW_1 )
   \   000007   A2E0         MOV     C,0xE0 /* A   */.0
   \   000009   5007         JNC     ??SampleApp_HandleKeys_0
    371            {
    372              /* This key sends the Flash Command is sent to Group 1.
    373               * This device will not receive the Flash Command from this
    374               * device (even if it belongs to group 1).
    375               */
    376              SampleApp_SendFlashMessage( SAMPLEAPP_FLASH_DURATION );
   \   00000B                ; Setup parameters for call to function SampleApp_SendFlashMessage
   \   00000B   7AE8         MOV     R2,#-0x18
   \   00000D   7B03         MOV     R3,#0x3
   \   00000F   12....       LCALL   ??SampleApp_SendFlashMessage?relay
    377            }
    378          
    379            if ( keys & HAL_KEY_SW_2 )
   \                     ??SampleApp_HandleKeys_0:
   \   000012   EE           MOV     A,R6
   \   000013   A2E1         MOV     C,0xE0 /* A   */.1
   \   000015   5024         JNC     ??SampleApp_HandleKeys_1
    380            {
    381              /* The Flashr Command is sent to Group 1.
    382               * This key toggles this device in and out of group 1.
    383               * If this device doesn't belong to group 1, this application
    384               * will not receive the Flash command sent to group 1.
    385               */
    386              aps_Group_t *grp;
    387              grp = aps_FindGroup( SAMPLEAPP_ENDPOINT, SAMPLEAPP_FLASH_GROUP );
    388              if ( grp )
   \   000017                ; Setup parameters for call to function aps_FindGroup
   \   000017   7A01         MOV     R2,#0x1
   \   000019   7B00         MOV     R3,#0x0
   \   00001B   7914         MOV     R1,#0x14
   \   00001D   12....       LCALL   ??aps_FindGroup?relay
   \   000020   8B..         MOV     ?V0 + 1,R3
   \   000022   EA           MOV     A,R2
   \   000023   45..         ORL     A,?V0 + 1
   \   000025   600B         JZ      ??SampleApp_HandleKeys_2
    389              {
    390                // Remove from the group
    391                aps_RemoveGroup( SAMPLEAPP_ENDPOINT, SAMPLEAPP_FLASH_GROUP );
   \   000027                ; Setup parameters for call to function aps_RemoveGroup
   \   000027   7A01         MOV     R2,#0x1
   \   000029   7B00         MOV     R3,#0x0
   \   00002B   7914         MOV     R1,#0x14
   \   00002D   12....       LCALL   ??aps_RemoveGroup?relay
   \   000030   8009         SJMP    ??SampleApp_HandleKeys_1
    392              }
    393              else
    394              {
    395                // Add to the flash group
    396                aps_AddGroup( SAMPLEAPP_ENDPOINT, &SampleApp_Group );
   \                     ??SampleApp_HandleKeys_2:
   \   000032                ; Setup parameters for call to function aps_AddGroup
   \   000032   7A..         MOV     R2,#SampleApp_Group & 0xff
   \   000034   7B..         MOV     R3,#(SampleApp_Group >> 8) & 0xff
   \   000036   7914         MOV     R1,#0x14
   \   000038   12....       LCALL   ??aps_AddGroup?relay
    397              }
    398            }
    399          }
   \                     ??SampleApp_HandleKeys_1:
   \   00003B   02....       LJMP    ??Subroutine4_0 & 0xFFFF
    400          
    401          /*********************************************************************
    402           * LOCAL FUNCTIONS
    403           */
    404          
    405          /*********************************************************************
    406           * @fn      SampleApp_SendFlashMessage
    407           *
    408           * @brief   Send the flash message to group 1.
    409           *
    410           * @param   flashTime - in milliseconds
    411           *
    412           * @return  none
    413           */

   \                                 In  segment BANKED_CODE, align 1, keep-with-next
    414          void SampleApp_SendFlashMessage( uint16 flashTime )
   \                     SampleApp_SendFlashMessage:
    415          {
   \   000000   74F6         MOV     A,#-0xa
   \   000002   12....       LCALL   ?BANKED_ENTER_XDATA
   \   000005                ; Saved register size: 10
   \   000005                ; Auto size: 3
   \   000005   74FD         MOV     A,#-0x3
   \   000007   12....       LCALL   ?ALLOC_XSTACK8
    416            uint8 buffer[3];
    417            buffer[0] = (uint8)(SampleAppFlashCounter++);
   \   00000A   90....       MOV     DPTR,#SampleAppFlashCounter
   \   00000D   E0           MOVX    A,@DPTR
   \   00000E   85..82       MOV     DPL,?XSP + 0
   \   000011   85..83       MOV     DPH,?XSP + 1
   \   000014   F0           MOVX    @DPTR,A
   \   000015   90....       MOV     DPTR,#SampleAppFlashCounter
   \   000018   E0           MOVX    A,@DPTR
   \   000019   04           INC     A
   \   00001A   F0           MOVX    @DPTR,A
    418            buffer[1] = LO_UINT16( flashTime );
   \   00001B   7401         MOV     A,#0x1
   \   00001D   12....       LCALL   ?XSTACK_DISP0_8
   \   000020   EA           MOV     A,R2
   \   000021   F0           MOVX    @DPTR,A
    419            buffer[2] = HI_UINT16( flashTime );
   \   000022   7402         MOV     A,#0x2
   \   000024   12....       LCALL   ?XSTACK_DISP0_8
   \   000027   EB           MOV     A,R3
   \   000028   12....       LCALL   ??Subroutine3_0 & 0xFFFF
    420          
    421            if ( AF_DataRequest( &SampleApp_Flash_DstAddr, &SampleApp_epDesc,
    422                                 SAMPLEAPP_FLASH_CLUSTERID,
    423                                 3,
    424                                 buffer,
    425                                 &SampleApp_TransID,
    426                                 AF_DISCV_ROUTE,
    427                                 AF_DEFAULT_RADIUS ) == afStatus_SUCCESS )
   \                     ??CrossCallReturnLabel_5:
   \   00002B   12....       LCALL   ?PUSH_XSTACK_I_ONE
   \   00002E   75....       MOV     ?V0 + 0,#SampleApp_TransID & 0xff
   \   000031   75....       MOV     ?V0 + 1,#(SampleApp_TransID >> 8) & 0xff
   \   000034   78..         MOV     R0,#?V0 + 0
   \   000036   12....       LCALL   ?PUSH_XSTACK_I_TWO
   \   000039   7403         MOV     A,#0x3
   \   00003B   12....       LCALL   ?XSTACK_DISP0_8
   \   00003E   8582..       MOV     ?V0 + 0,DPL
   \   000041   8583..       MOV     ?V0 + 1,DPH
   \   000044   78..         MOV     R0,#?V0 + 0
   \   000046   12....       LCALL   ?PUSH_XSTACK_I_TWO
   \   000049   75..03       MOV     ?V0 + 0,#0x3
   \   00004C   75..00       MOV     ?V0 + 1,#0x0
   \   00004F   78..         MOV     R0,#?V0 + 0
   \   000051   12....       LCALL   ?PUSH_XSTACK_I_TWO
   \   000054   75..02       MOV     ?V0 + 0,#0x2
   \   000057   78..         MOV     R0,#?V0 + 0
   \   000059   12....       LCALL   ?PUSH_XSTACK_I_TWO
   \   00005C   7920         MOV     R1,#0x20
   \   00005E   7C..         MOV     R4,#SampleApp_epDesc & 0xff
   \   000060   7D..         MOV     R5,#(SampleApp_epDesc >> 8) & 0xff
   \   000062   7A..         MOV     R2,#SampleApp_Flash_DstAddr & 0xff
   \   000064   7B..         MOV     R3,#(SampleApp_Flash_DstAddr >> 8) & 0xff
   \   000066   12....       LCALL   ??AF_DataRequest?relay
   \   000069   7409         MOV     A,#0x9
   \   00006B   12....       LCALL   ?DEALLOC_XSTACK8
    428            {
    429            }
    430            else
    431            {
    432              // Error occurred in request to send.
    433            }
    434          }
   \   00006E   7403         MOV     A,#0x3
   \   000070   02....       LJMP    ?Subroutine0 & 0xFFFF

   \                                 In  segment BANK_RELAYS, align 1
   \                     ??SampleApp_SendPeriodicMessage?relay:
   \   000000   12....       LCALL   ?BDISPATCH
   \   000003   ......       DC24    SampleApp_SendPeriodicMessage

   \                                 In  segment BANK_RELAYS, align 1
   \                     ??sendmsg_temp_humi?relay:
   \   000000   12....       LCALL   ?BDISPATCH
   \   000003   ......       DC24    sendmsg_temp_humi

   \                                 In  segment BANK_RELAYS, align 1
   \                     ??SampleApp_MessageMSGCB?relay:
   \   000000   12....       LCALL   ?BDISPATCH
   \   000003   ......       DC24    SampleApp_MessageMSGCB

   \                                 In  segment BANK_RELAYS, align 1
   \                     ??SampleApp_Init?relay:
   \   000000   12....       LCALL   ?BDISPATCH
   \   000003   ......       DC24    SampleApp_Init

   \                                 In  segment BANK_RELAYS, align 1
   \                     ??SampleApp_ProcessEvent?relay:
   \   000000   12....       LCALL   ?BDISPATCH
   \   000003   ......       DC24    SampleApp_ProcessEvent

   \                                 In  segment BANK_RELAYS, align 1
   \                     ??SampleApp_HandleKeys?relay:
   \   000000   12....       LCALL   ?BDISPATCH
   \   000003   ......       DC24    SampleApp_HandleKeys

   \                                 In  segment BANK_RELAYS, align 1
   \                     ??SampleApp_SendFlashMessage?relay:
   \   000000   12....       LCALL   ?BDISPATCH
   \   000003   ......       DC24    SampleApp_SendFlashMessage

   \                                 In  segment XDATA_ROM_C, align 1
   \                     `?<Constant "temp success\\n">`:
   \   000000   74656D70     DB "temp success\012"
   \            20737563
   \            63657373
   \            0A00    

   \                                 In  segment XDATA_ROM_C, align 1
   \                     `?<Constant "humi success\\n">`:
   \   000000   68756D69     DB "humi success\012"
   \            20737563
   \            63657373
   \            0A00    

   \                                 In  segment XDATA_ROM_C, align 1
   \                     `?<Constant "Hello IGreen\\n">`:
   \   000000   48656C6C     DB "Hello IGreen\012"
   \            6F204947
   \            7265656E
   \            0A00    

   \                                 In  segment XDATA_ROM_C, align 1
   \                     `?<Constant "Group 1">`:
   \   000000   47726F75     DB "Group 1"
   \            70203100

   \                                 In  segment XDATA_ROM_C, align 1
   \                     `?<Constant "SampleApp">`:
   \   000000   53616D70     DB "SampleApp"
   \            6C654170
   \            7000    

   Maximum stack usage in bytes:

     Function                       ISTACK PSTACK XSTACK
     --------                       ------ ------ ------
     SampleApp_HandleKeys               0      0     22
       -> SampleApp_SendFlashMessage
                                        0      0     20
       -> aps_FindGroup                 0      0     20
       -> aps_RemoveGroup               0      0     20
       -> aps_AddGroup                  0      0     20
     SampleApp_Init                     0      0     14
       -> MT_UartInit                   0      0     22
       -> MT_UartRegisterTaskID         0      0     22
       -> HalUARTWrite                  0      0     22
       -> afRegister                    0      0     22
       -> RegisterForKeys               0      0     22
       -> osal_memcpy                   0      0     28
       -> aps_AddGroup                  0      0     22
       -> HalLcdWriteString             0      0     22
     SampleApp_MessageMSGCB             0      0     22
       -> HalUARTWrite                  0      0     20
       -> HalLedBlink                   0      0     20
     SampleApp_ProcessEvent             0      0     12
       -> osal_msg_receive              0      0     24
       -> osal_start_timerEx            0      0     24
       -> osal_msg_deallocate           0      0     24
       -> osal_msg_receive              0      0     24
       -> SampleApp_HandleKeys          0      0     24
       -> SampleApp_MessageMSGCB        0      0     24
       -> sendmsg_temp_humi             0      0     24
       -> osal_rand                     0      0     24
       -> osal_start_timerEx            0      0     24
     SampleApp_SendFlashMessage         1      0     32
       -> AF_DataRequest                0      0     44
     SampleApp_SendPeriodicMessage      2      0      0
       -> sendmsg_temp_humi             4      0      0
     sendmsg_temp_humi                  1      0     63
       -> DHT11                         0      0     84
       -> AF_DataRequest                0      0    102
       -> HalUARTWrite                  0      0     84
       -> AF_DataRequest                0      0    102
       -> HalUARTWrite                  0      0     84


   Segment part sizes:

     Function/Label                        Bytes
     --------------                        -----
     P0SEL                                    1
     SampleApp_ClusterList                    4
     SampleApp_SimpleDesc                    12
     SampleApp_epDesc                         6
     SampleApp_TaskID                         1
     SampleApp_NwkState                       1
     SampleApp_TransID                        1
     SampleApp_Periodic_DstAddr              12
     SampleApp_Flash_DstAddr                 12
     SampleApp_Group                         18
     SampleAppPeriodicCounter                 1
     SampleAppFlashCounter                    1
     SampleApp_SendPeriodicMessage           14
     sendmsg_temp_humi                      356
     ?Subroutine2                             2
     ??Subroutine3_0                          7
     ?Subroutine0                             3
     ??Subroutine4_0                          5
     SampleApp_MessageMSGCB                 154
     ?Subroutine1                            12
     SampleApp_Init                         184
     SampleApp_ProcessEvent                 181
     SampleApp_HandleKeys                    62
     SampleApp_SendFlashMessage             115
     ??SampleApp_SendPeriodicMessage?relay    6
     ??sendmsg_temp_humi?relay                6
     ??SampleApp_MessageMSGCB?relay           6
     ??SampleApp_Init?relay                   6
     ??SampleApp_ProcessEvent?relay           6
     ??SampleApp_HandleKeys?relay             6
     ??SampleApp_SendFlashMessage?relay       6
     ?<Constant "temp success\n">            14
     ?<Constant "humi success\n">            14
     ?<Constant "Hello IGreen\n">            14
     ?<Constant "Group 1">                    8
     ?<Constant "SampleApp">                 10

 
 1 095 bytes in segment BANKED_CODE
    42 bytes in segment BANK_RELAYS
     1 byte  in segment SFR_AN
    76 bytes in segment XDATA_ROM_C
    53 bytes in segment XDATA_Z
 
 1 137 bytes of CODE  memory
    76 bytes of CONST memory
     0 bytes of DATA  memory (+ 1 byte shared)
    53 bytes of XDATA memory

Errors: none
Warnings: 1
